wandb: [wandb.login()] Loaded credentials for https://api.wandb.ai from /home/dohyeon/.netrc.
wandb: W&B API key is configured. Use `wandb login --relogin` to force relogin
wandb: setting up run tybshq3g
wandb: Tracking run with wandb version 0.24.2
wandb: Run data is saved locally in /data2/dohyeon/SBD/lerobot/wandb/run-20260607_152039-tybshq3g
wandb: Run `wandb offline` to turn off syncing.
wandb: Syncing run libero_90_full_full_fsq88_pg8_image256
wandb: ⭐️ View project at https://wandb.ai/dohyeonlee-postech/VAE_train
wandb: 🚀 View run at https://wandb.ai/dohyeonlee-postech/VAE_train/runs/tybshq3g
Traceback (most recent call last):
  File "/data2/dohyeon/SBD/lerobot/examples/libero/train_FSQ.py", line 378, in <module>
    main(tyro.cli(Args))
  File "/data2/dohyeon/SBD/lerobot/examples/libero/train_FSQ.py", line 339, in main
    model = train_spline_fsqae(
            ^^^^^^^^^^^^^^^^^^^
  File "/data2/dohyeon/SBD/lerobot/examples/libero/FSQ.py", line 1082, in train_spline_fsqae
    tot, d, p, e, em = _step(batch, train=True)
                       ^^^^^^^^^^^^^^^^^^^^^^^^
  File "/data2/dohyeon/SBD/lerobot/examples/libero/FSQ.py", line 1062, in _step
    pred_delta, pred_prog, pred_term, _ = model(
                                          ^^^^^^
  File "/data2/dohyeon/SBD/.venv/lib/python3.12/site-packages/torch/nn/modules/module.py", line 1776, in _wrapped_call_impl
    return self._call_impl(*args, **kwargs)
           ^^^^^^^^^^^^^^^^^^^^^^^^^^^^^^^^
  File "/data2/dohyeon/SBD/.venv/lib/python3.12/site-packages/torch/nn/modules/module.py", line 1787, in _call_impl
    return forward_call(*args, **kwargs)
           ^^^^^^^^^^^^^^^^^^^^^^^^^^^^^
  File "/data2/dohyeon/SBD/lerobot/examples/libero/FSQ.py", line 612, in forward
    delta, progress_pred, term_logits = self.decode(
                                        ^^^^^^^^^^^^
  File "/data2/dohyeon/SBD/lerobot/examples/libero/FSQ.py", line 537, in decode
    progress_pred, term_logits = self._terminate(z_tok, states, dec_tokens, dec_tokens_wrist)
                                 ^^^^^^^^^^^^^^^^^^^^^^^^^^^^^^^^^^^^^^^^^^^^^^^^^^^^^^^^^^^^
  File "/data2/dohyeon/SBD/lerobot/examples/libero/FSQ.py", line 562, in _terminate
    img_term_wrist = self.dec_image_encoder_term_wrist(dec_tokens_wrist)  # (B, T, H) wrist
                     ^^^^^^^^^^^^^^^^^^^^^^^^^^^^^^^^^^^^^^^^^^^^^^^^^^^
  File "/data2/dohyeon/SBD/.venv/lib/python3.12/site-packages/torch/nn/modules/module.py", line 1776, in _wrapped_call_impl
    return self._call_impl(*args, **kwargs)
           ^^^^^^^^^^^^^^^^^^^^^^^^^^^^^^^^
  File "/data2/dohyeon/SBD/.venv/lib/python3.12/site-packages/torch/nn/modules/module.py", line 1787, in _call_impl
    return forward_call(*args, **kwargs)
           ^^^^^^^^^^^^^^^^^^^^^^^^^^^^^
  File "/data2/dohyeon/SBD/lerobot/examples/libero/FSQ.py", line 124, in forward
    pooled, _ = self.pool(q, x, x, need_weights=False)
                ^^^^^^^^^^^^^^^^^^^^^^^^^^^^^^^^^^^^^^
  File "/data2/dohyeon/SBD/.venv/lib/python3.12/site-packages/torch/nn/modules/module.py", line 1776, in _wrapped_call_impl
    return self._call_impl(*args, **kwargs)
           ^^^^^^^^^^^^^^^^^^^^^^^^^^^^^^^^
  File "/data2/dohyeon/SBD/.venv/lib/python3.12/site-packages/torch/nn/modules/module.py", line 1787, in _call_impl
    return forward_call(*args, **kwargs)
           ^^^^^^^^^^^^^^^^^^^^^^^^^^^^^
  File "/data2/dohyeon/SBD/.venv/lib/python3.12/site-packages/torch/nn/modules/activation.py", line 1491, in forward
    attn_output, attn_output_weights = F.multi_head_attention_forward(
                                       ^^^^^^^^^^^^^^^^^^^^^^^^^^^^^^^
  File "/data2/dohyeon/SBD/.venv/lib/python3.12/site-packages/torch/nn/functional.py", line 6435, in multi_head_attention_forward
    q, k, v = _in_projection_packed(query, key, value, in_proj_weight, in_proj_bias)
              ^^^^^^^^^^^^^^^^^^^^^^^^^^^^^^^^^^^^^^^^^^^^^^^^^^^^^^^^^^^^^^^^^^^^^^
  File "/data2/dohyeon/SBD/.venv/lib/python3.12/site-packages/torch/nn/functional.py", line 5849, in _in_projection_packed
    .contiguous()
     ^^^^^^^^^^^^
torch.OutOfMemoryError: CUDA out of memory. Tried to allocate 1.83 GiB. GPU 0 has a total capacity of 44.53 GiB of which 374.44 MiB is free. Including non-PyTorch memory, this process has 44.15 GiB memory in use. Of the allocated memory 43.60 GiB is allocated by PyTorch, and 67.77 MiB is reserved by PyTorch but unallocated. If reserved but unallocated memory is large try setting PYTORCH_ALLOC_CONF=expandable_segments:True to avoid fragmentation.  See documentation for Memory Management  (https://pytorch.org/docs/stable/notes/cuda.html#environment-variables)
