START FSQ TRAIN
Node       : node01
Inputs     : /data2/dohyeon/SBD/libero_dataset/FSQ_dataset/libero_90/FSQ_inputs
Output     : /data2/dohyeon/SBD/FSQ_outputs/libero_90_fsq555_pg8_dino_flags_image256
Sun May 31 11:56:26 2026       
+---------------------------------------------------------------------------------------+
| NVIDIA-SMI 535.129.03             Driver Version: 535.129.03   CUDA Version: 12.2     |
|-----------------------------------------+----------------------+----------------------+
| GPU  Name                 Persistence-M | Bus-Id        Disp.A | Volatile Uncorr. ECC |
| Fan  Temp   Perf          Pwr:Usage/Cap |         Memory-Usage | GPU-Util  Compute M. |
|                                         |                      |               MIG M. |
|=========================================+======================+======================|
|   0  NVIDIA L40S                    On  | 00000000:E1:00.0 Off |                    0 |
| N/A   32C    P8              34W / 350W |      3MiB / 46068MiB |      0%      Default |
|                                         |                      |                  N/A |
+-----------------------------------------+----------------------+----------------------+
                                                                                         
+---------------------------------------------------------------------------------------+
| Processes:                                                                            |
|  GPU   GI   CI        PID   Type   Process name                            GPU Memory |
|        ID   ID                                                             Usage      |
|=======================================================================================|
|  No running processes found                                                           |
+---------------------------------------------------------------------------------------+
No checkpoint found, training from scratch
[FSQ] Loaded 11178 skills from /data2/dohyeon/SBD/libero_dataset/FSQ_dataset/libero_90/FSQ_inputs/skillset/skills
[FSQ] Skill lengths — min:27 max:141 mean:50.7
[FSQ] Loaded DINO tokens from /data2/dohyeon/SBD/libero_dataset/FSQ_dataset/libero_90/FSQ_inputs/dino_tokens_pg8.npz — shape per clip: (51, 65, 384)
[FSQ] Loaded merged temporal SAM2 patch flags for all 11178 skills
[FSQ] action_min: [-0.4862 -0.3971  0.4455 -0.7481 -4.3631 -3.2124 -1.    ]
[FSQ] action_max: [0.2027 0.4881 1.3585 4.8434 4.0424 2.4015 1.    ]
[FSQ] delta_min:  [-0.9375 -0.9375 -0.9375 -0.3257 -0.375  -0.375  -1.    ]
[FSQ] delta_max:  [0.9375 0.9375 0.9375 0.375  0.375  0.375  1.    ]
[SplineFSQAE] 11178 segments | n_control=30 fsq=[5, 5, 5] hidden=256 K=10
[SplineFSQAE] trainable params: 9,007,689
[SplineFSQAE]    1/1000  train=0.6355  val=0.4901  delta=0.0509  prog=0.0357  end=0.0910  end_acc=0.977  end_rec=0.011
[SplineFSQAE]   10/1000  train=0.2409  val=0.2301  delta=0.0160  prog=0.0180  end=0.0625  end_acc=0.984  end_rec=0.179
[SplineFSQAE]   20/1000  train=0.1907  val=0.1899  delta=0.0123  prog=0.0123  end=0.0552  end_acc=0.984  end_rec=0.212
[SplineFSQAE]   30/1000  train=0.1717  val=0.1834  delta=0.0110  prog=0.0104  end=0.0511  end_acc=0.984  end_rec=0.212
[SplineFSQAE]   40/1000  train=0.1575  val=0.1780  delta=0.0101  prog=0.0093  end=0.0469  end_acc=0.984  end_rec=0.237
[SplineFSQAE]   50/1000  train=0.1455  val=0.1779  delta=0.0094  prog=0.0087  end=0.0425  end_acc=0.984  end_rec=0.287
[SplineFSQAE]   60/1000  train=0.1336  val=0.1867  delta=0.0088  prog=0.0081  end=0.0373  end_acc=0.986  end_rec=0.379
[SplineFSQAE]   70/1000  train=0.1248  val=0.1854  delta=0.0084  prog=0.0078  end=0.0328  end_acc=0.987  end_rec=0.466
[SplineFSQAE]   80/1000  train=0.1163  val=0.1966  delta=0.0080  prog=0.0075  end=0.0286  end_acc=0.988  end_rec=0.551
[SplineFSQAE]   90/1000  train=0.1097  val=0.1951  delta=0.0077  prog=0.0071  end=0.0251  end_acc=0.990  end_rec=0.635
[SplineFSQAE]  100/1000  train=0.1029  val=0.2065  delta=0.0073  prog=0.0069  end=0.0229  end_acc=0.991  end_rec=0.674
[SplineFSQAE]  110/1000  train=0.0971  val=0.2093  delta=0.0070  prog=0.0066  end=0.0201  end_acc=0.992  end_rec=0.726
[SplineFSQAE]  120/1000  train=0.0930  val=0.2093  delta=0.0068  prog=0.0066  end=0.0184  end_acc=0.992  end_rec=0.757
[SplineFSQAE]  130/1000  train=0.0891  val=0.2218  delta=0.0066  prog=0.0064  end=0.0163  end_acc=0.993  end_rec=0.797
[SplineFSQAE]  140/1000  train=0.0853  val=0.2266  delta=0.0064  prog=0.0061  end=0.0150  end_acc=0.994  end_rec=0.812
[SplineFSQAE]  150/1000  train=0.0819  val=0.2228  delta=0.0062  prog=0.0059  end=0.0138  end_acc=0.994  end_rec=0.833
[SplineFSQAE]  160/1000  train=0.0789  val=0.2232  delta=0.0060  prog=0.0058  end=0.0127  end_acc=0.995  end_rec=0.850
[SplineFSQAE]  170/1000  train=0.0764  val=0.2233  delta=0.0059  prog=0.0057  end=0.0121  end_acc=0.995  end_rec=0.855
[SplineFSQAE]  180/1000  train=0.0734  val=0.2286  delta=0.0057  prog=0.0055  end=0.0109  end_acc=0.996  end_rec=0.874
[SplineFSQAE]  190/1000  train=0.0719  val=0.2327  delta=0.0056  prog=0.0056  end=0.0101  end_acc=0.996  end_rec=0.890
[SplineFSQAE]  200/1000  train=0.0704  val=0.2312  delta=0.0055  prog=0.0054  end=0.0099  end_acc=0.996  end_rec=0.888
[SplineFSQAE]  210/1000  train=0.0682  val=0.2321  delta=0.0054  prog=0.0052  end=0.0091  end_acc=0.996  end_rec=0.898
[SplineFSQAE]  220/1000  train=0.0673  val=0.2352  delta=0.0053  prog=0.0052  end=0.0091  end_acc=0.997  end_rec=0.901
[SplineFSQAE]  230/1000  train=0.0644  val=0.2389  delta=0.0051  prog=0.0049  end=0.0083  end_acc=0.997  end_rec=0.908
[SplineFSQAE]  240/1000  train=0.0634  val=0.2469  delta=0.0050  prog=0.0049  end=0.0083  end_acc=0.997  end_rec=0.908
[SplineFSQAE]  250/1000  train=0.0620  val=0.2516  delta=0.0050  prog=0.0048  end=0.0074  end_acc=0.997  end_rec=0.920
[SplineFSQAE]  260/1000  train=0.0598  val=0.2492  delta=0.0049  prog=0.0045  end=0.0065  end_acc=0.998  end_rec=0.931
[SplineFSQAE]  270/1000  train=0.0601  val=0.2449  delta=0.0048  prog=0.0047  end=0.0071  end_acc=0.997  end_rec=0.924
[SplineFSQAE]  280/1000  train=0.0583  val=0.2466  delta=0.0047  prog=0.0046  end=0.0067  end_acc=0.998  end_rec=0.931
[SplineFSQAE]  290/1000  train=0.0573  val=0.2467  delta=0.0046  prog=0.0045  end=0.0064  end_acc=0.998  end_rec=0.935
[SplineFSQAE]  300/1000  train=0.0558  val=0.2615  delta=0.0046  prog=0.0044  end=0.0059  end_acc=0.998  end_rec=0.938
[SplineFSQAE]  310/1000  train=0.0550  val=0.2549  delta=0.0045  prog=0.0042  end=0.0057  end_acc=0.998  end_rec=0.941
[SplineFSQAE]  320/1000  train=0.0534  val=0.2590  delta=0.0044  prog=0.0042  end=0.0051  end_acc=0.998  end_rec=0.946
[SplineFSQAE]  330/1000  train=0.0536  val=0.2621  delta=0.0044  prog=0.0041  end=0.0051  end_acc=0.998  end_rec=0.948
[SplineFSQAE]  340/1000  train=0.0525  val=0.2601  delta=0.0043  prog=0.0040  end=0.0050  end_acc=0.998  end_rec=0.948
[SplineFSQAE]  350/1000  train=0.0514  val=0.2622  delta=0.0043  prog=0.0039  end=0.0045  end_acc=0.998  end_rec=0.954
[SplineFSQAE]  360/1000  train=0.0516  val=0.2549  delta=0.0043  prog=0.0040  end=0.0050  end_acc=0.998  end_rec=0.947
[SplineFSQAE]  370/1000  train=0.0500  val=0.2627  delta=0.0042  prog=0.0039  end=0.0045  end_acc=0.998  end_rec=0.953
[SplineFSQAE]  380/1000  train=0.0489  val=0.2588  delta=0.0041  prog=0.0037  end=0.0042  end_acc=0.998  end_rec=0.956
[SplineFSQAE]  390/1000  train=0.0492  val=0.2596  delta=0.0040  prog=0.0038  end=0.0049  end_acc=0.998  end_rec=0.957
[SplineFSQAE]  400/1000  train=0.0476  val=0.2550  delta=0.0040  prog=0.0036  end=0.0037  end_acc=0.999  end_rec=0.963
[SplineFSQAE]  410/1000  train=0.0474  val=0.2624  delta=0.0040  prog=0.0036  end=0.0037  end_acc=0.999  end_rec=0.964
[SplineFSQAE]  420/1000  train=0.0467  val=0.2700  delta=0.0039  prog=0.0036  end=0.0040  end_acc=0.998  end_rec=0.959
[SplineFSQAE]  430/1000  train=0.0457  val=0.2704  delta=0.0039  prog=0.0035  end=0.0035  end_acc=0.999  end_rec=0.965
[SplineFSQAE]  440/1000  train=0.0448  val=0.2733  delta=0.0038  prog=0.0033  end=0.0034  end_acc=0.999  end_rec=0.966
[SplineFSQAE]  450/1000  train=0.0443  val=0.2754  delta=0.0038  prog=0.0033  end=0.0032  end_acc=0.999  end_rec=0.968
[SplineFSQAE]  460/1000  train=0.0440  val=0.2762  delta=0.0037  prog=0.0033  end=0.0034  end_acc=0.999  end_rec=0.966
[SplineFSQAE]  470/1000  train=0.0428  val=0.2978  delta=0.0037  prog=0.0032  end=0.0025  end_acc=0.999  end_rec=0.974
[SplineFSQAE]  480/1000  train=0.0431  val=0.2831  delta=0.0037  prog=0.0032  end=0.0031  end_acc=0.999  end_rec=0.970
[SplineFSQAE]  490/1000  train=0.0425  val=0.2888  delta=0.0037  prog=0.0032  end=0.0028  end_acc=0.999  end_rec=0.971
[SplineFSQAE]  500/1000  train=0.0417  val=0.2830  delta=0.0036  prog=0.0031  end=0.0025  end_acc=0.999  end_rec=0.975
[SplineFSQAE]  510/1000  train=0.0409  val=0.2852  delta=0.0036  prog=0.0030  end=0.0024  end_acc=0.999  end_rec=0.975
[SplineFSQAE]  520/1000  train=0.0408  val=0.2859  delta=0.0036  prog=0.0030  end=0.0022  end_acc=0.999  end_rec=0.978
[SplineFSQAE]  530/1000  train=0.0405  val=0.2888  delta=0.0035  prog=0.0030  end=0.0024  end_acc=0.999  end_rec=0.976
[SplineFSQAE]  540/1000  train=0.0397  val=0.2888  delta=0.0035  prog=0.0029  end=0.0022  end_acc=0.999  end_rec=0.979
[SplineFSQAE]  550/1000  train=0.0406  val=0.2882  delta=0.0035  prog=0.0031  end=0.0025  end_acc=0.999  end_rec=0.975
[SplineFSQAE]  560/1000  train=0.0388  val=0.2853  delta=0.0034  prog=0.0028  end=0.0020  end_acc=0.999  end_rec=0.980
[SplineFSQAE]  570/1000  train=0.0384  val=0.2955  delta=0.0034  prog=0.0028  end=0.0019  end_acc=0.999  end_rec=0.982
[SplineFSQAE]  580/1000  train=0.0377  val=0.3048  delta=0.0033  prog=0.0027  end=0.0017  end_acc=0.999  end_rec=0.982
[SplineFSQAE]  590/1000  train=0.0380  val=0.3019  delta=0.0033  prog=0.0028  end=0.0018  end_acc=0.999  end_rec=0.982
[SplineFSQAE]  600/1000  train=0.0371  val=0.2999  delta=0.0033  prog=0.0026  end=0.0014  end_acc=1.000  end_rec=0.987
[SplineFSQAE]  610/1000  train=0.0371  val=0.3040  delta=0.0033  prog=0.0027  end=0.0016  end_acc=0.999  end_rec=0.984
[SplineFSQAE]  620/1000  train=0.0364  val=0.3012  delta=0.0032  prog=0.0025  end=0.0015  end_acc=0.999  end_rec=0.985
[SplineFSQAE]  630/1000  train=0.0362  val=0.3090  delta=0.0032  prog=0.0025  end=0.0015  end_acc=0.999  end_rec=0.985
[SplineFSQAE]  640/1000  train=0.0357  val=0.3066  delta=0.0032  prog=0.0025  end=0.0012  end_acc=0.999  end_rec=0.986
[SplineFSQAE]  650/1000  train=0.0354  val=0.3129  delta=0.0032  prog=0.0024  end=0.0012  end_acc=1.000  end_rec=0.987
[SplineFSQAE]  660/1000  train=0.0353  val=0.3120  delta=0.0032  prog=0.0025  end=0.0013  end_acc=1.000  end_rec=0.988
[SplineFSQAE]  670/1000  train=0.0347  val=0.3105  delta=0.0031  prog=0.0024  end=0.0011  end_acc=1.000  end_rec=0.989
[SplineFSQAE]  680/1000  train=0.0344  val=0.3178  delta=0.0031  prog=0.0024  end=0.0011  end_acc=1.000  end_rec=0.989
[SplineFSQAE]  690/1000  train=0.0341  val=0.3284  delta=0.0031  prog=0.0023  end=0.0010  end_acc=1.000  end_rec=0.989
[SplineFSQAE]  700/1000  train=0.0338  val=0.3266  delta=0.0031  prog=0.0022  end=0.0009  end_acc=1.000  end_rec=0.990
[SplineFSQAE]  710/1000  train=0.0337  val=0.3222  delta=0.0031  prog=0.0022  end=0.0009  end_acc=1.000  end_rec=0.990
[SplineFSQAE]  720/1000  train=0.0336  val=0.3217  delta=0.0030  prog=0.0023  end=0.0010  end_acc=1.000  end_rec=0.990
[SplineFSQAE]  730/1000  train=0.0331  val=0.3307  delta=0.0030  prog=0.0022  end=0.0009  end_acc=1.000  end_rec=0.990
[SplineFSQAE]  740/1000  train=0.0332  val=0.3402  delta=0.0030  prog=0.0022  end=0.0008  end_acc=1.000  end_rec=0.992
[SplineFSQAE]  750/1000  train=0.0327  val=0.3367  delta=0.0030  prog=0.0021  end=0.0007  end_acc=1.000  end_rec=0.992
[SplineFSQAE]  760/1000  train=0.0326  val=0.3320  delta=0.0030  prog=0.0021  end=0.0008  end_acc=1.000  end_rec=0.992
[SplineFSQAE]  770/1000  train=0.0323  val=0.3418  delta=0.0030  prog=0.0021  end=0.0007  end_acc=1.000  end_rec=0.993
[SplineFSQAE]  780/1000  train=0.0322  val=0.3459  delta=0.0029  prog=0.0021  end=0.0007  end_acc=1.000  end_rec=0.992
[SplineFSQAE]  790/1000  train=0.0319  val=0.3478  delta=0.0029  prog=0.0021  end=0.0006  end_acc=1.000  end_rec=0.994
[SplineFSQAE]  800/1000  train=0.0318  val=0.3515  delta=0.0029  prog=0.0020  end=0.0006  end_acc=1.000  end_rec=0.993
[SplineFSQAE]  810/1000  train=0.0315  val=0.3584  delta=0.0029  prog=0.0020  end=0.0005  end_acc=1.000  end_rec=0.994
[SplineFSQAE]  820/1000  train=0.0314  val=0.3543  delta=0.0029  prog=0.0020  end=0.0005  end_acc=1.000  end_rec=0.995
[SplineFSQAE]  830/1000  train=0.0314  val=0.3478  delta=0.0029  prog=0.0020  end=0.0006  end_acc=1.000  end_rec=0.993
[SplineFSQAE]  840/1000  train=0.0312  val=0.3602  delta=0.0029  prog=0.0020  end=0.0005  end_acc=1.000  end_rec=0.995
[SplineFSQAE]  850/1000  train=0.0313  val=0.3591  delta=0.0029  prog=0.0020  end=0.0005  end_acc=1.000  end_rec=0.995
[SplineFSQAE]  860/1000  train=0.0309  val=0.3620  delta=0.0028  prog=0.0019  end=0.0004  end_acc=1.000  end_rec=0.995
[SplineFSQAE]  870/1000  train=0.0309  val=0.3621  delta=0.0029  prog=0.0019  end=0.0005  end_acc=1.000  end_rec=0.994
[SplineFSQAE]  880/1000  train=0.0307  val=0.3681  delta=0.0028  prog=0.0019  end=0.0004  end_acc=1.000  end_rec=0.995
[SplineFSQAE]  890/1000  train=0.0308  val=0.3709  delta=0.0028  prog=0.0019  end=0.0004  end_acc=1.000  end_rec=0.995
[SplineFSQAE]  900/1000  train=0.0305  val=0.3752  delta=0.0028  prog=0.0019  end=0.0004  end_acc=1.000  end_rec=0.995
[SplineFSQAE]  910/1000  train=0.0305  val=0.3760  delta=0.0028  prog=0.0019  end=0.0004  end_acc=1.000  end_rec=0.996
[SplineFSQAE]  920/1000  train=0.0304  val=0.3741  delta=0.0028  prog=0.0019  end=0.0004  end_acc=1.000  end_rec=0.996
[SplineFSQAE]  930/1000  train=0.0304  val=0.3748  delta=0.0028  prog=0.0019  end=0.0004  end_acc=1.000  end_rec=0.996
[SplineFSQAE]  940/1000  train=0.0303  val=0.3731  delta=0.0028  prog=0.0019  end=0.0003  end_acc=1.000  end_rec=0.996
[SplineFSQAE]  950/1000  train=0.0302  val=0.3745  delta=0.0028  prog=0.0019  end=0.0003  end_acc=1.000  end_rec=0.995
[SplineFSQAE]  960/1000  train=0.0303  val=0.3803  delta=0.0028  prog=0.0019  end=0.0003  end_acc=1.000  end_rec=0.996
[SplineFSQAE]  970/1000  train=0.0303  val=0.3789  delta=0.0028  prog=0.0018  end=0.0003  end_acc=1.000  end_rec=0.996
[SplineFSQAE]  980/1000  train=0.0301  val=0.3805  delta=0.0028  prog=0.0018  end=0.0003  end_acc=1.000  end_rec=0.996
[SplineFSQAE]  990/1000  train=0.0301  val=0.3824  delta=0.0028  prog=0.0018  end=0.0004  end_acc=1.000  end_rec=0.996
[SplineFSQAE] 1000/1000  train=0.0302  val=0.3835  delta=0.0028  prog=0.0018  end=0.0003  end_acc=1.000  end_rec=0.996
[SplineFSQAE] done. best val loss: 0.1744
[1;34mwandb[0m: 
[1;34mwandb[0m: 🚀 View run [33mlibero_90_fsq555_pg8_dino_flags_image256[0m at: [34mhttps://wandb.ai/dohyeonlee-postech/VAE_train/runs/zr1pxt7e[0m
[1;34mwandb[0m: Find logs at: [1;35mwandb/run-20260531_115808-zr1pxt7e/logs[0m
