START FSQ TRAIN
Node       : node100
Inputs     : /data2/dohyeon/SBD/libero_dataset/FSQ_dataset/libero_90/FSQ_inputs
Output     : /data2/dohyeon/SBD/FSQ_outputs/libero_90_fsq555_pg8_dino_only_image256
Sun May 31 11:56:45 2026       
+---------------------------------------------------------------------------------------+
| NVIDIA-SMI 535.129.03             Driver Version: 535.129.03   CUDA Version: 12.2     |
|-----------------------------------------+----------------------+----------------------+
| GPU  Name                 Persistence-M | Bus-Id        Disp.A | Volatile Uncorr. ECC |
| Fan  Temp   Perf          Pwr:Usage/Cap |         Memory-Usage | GPU-Util  Compute M. |
|                                         |                      |               MIG M. |
|=========================================+======================+======================|
|   0  NVIDIA L40S                    On  | 00000000:01:00.0 Off |                    0 |
| N/A   36C    P8              34W / 350W |      3MiB / 46068MiB |      0%      Default |
|                                         |                      |                  N/A |
+-----------------------------------------+----------------------+----------------------+
                                                                                         
+---------------------------------------------------------------------------------------+
| Processes:                                                                            |
|  GPU   GI   CI        PID   Type   Process name                            GPU Memory |
|        ID   ID                                                             Usage      |
|=======================================================================================|
|  No running processes found                                                           |
+---------------------------------------------------------------------------------------+
No checkpoint found, training from scratch
[FSQ] Loaded 11178 skills from /data2/dohyeon/SBD/libero_dataset/FSQ_dataset/libero_90/FSQ_inputs/skillset/skills
[FSQ] Skill lengths — min:27 max:141 mean:50.7
[FSQ] Loaded DINO tokens from /data2/dohyeon/SBD/libero_dataset/FSQ_dataset/libero_90/FSQ_inputs/dino_tokens_pg8.npz — shape per clip: (51, 65, 384)
[FSQ] action_min: [-0.4862 -0.3971  0.4455 -0.7481 -4.3631 -3.2124 -1.    ]
[FSQ] action_max: [0.2027 0.4881 1.3585 4.8434 4.0424 2.4015 1.    ]
[FSQ] delta_min:  [-0.9375 -0.9375 -0.9375 -0.3257 -0.375  -0.375  -1.    ]
[FSQ] delta_max:  [0.9375 0.9375 0.9375 0.375  0.375  0.375  1.    ]
[SplineFSQAE] 11178 segments | n_control=30 fsq=[5, 5, 5] hidden=256 K=10
[SplineFSQAE] trainable params: 9,008,459
[SplineFSQAE]    1/1000  train=0.6273  val=0.4776  delta=0.0501  prog=0.0357  end=0.0909  end_acc=0.976  end_rec=0.005
[SplineFSQAE]   10/1000  train=0.2702  val=0.2619  delta=0.0184  prog=0.0202  end=0.0659  end_acc=0.983  end_rec=0.166
[SplineFSQAE]   20/1000  train=0.2333  val=0.2422  delta=0.0155  prog=0.0176  end=0.0610  end_acc=0.984  end_rec=0.174
[SplineFSQAE]   30/1000  train=0.2174  val=0.2394  delta=0.0143  prog=0.0169  end=0.0575  end_acc=0.984  end_rec=0.181
[SplineFSQAE]   40/1000  train=0.1961  val=0.2399  delta=0.0129  prog=0.0158  end=0.0511  end_acc=0.984  end_rec=0.209
[SplineFSQAE]   50/1000  train=0.1824  val=0.2483  delta=0.0122  prog=0.0150  end=0.0451  end_acc=0.985  end_rec=0.276
[SplineFSQAE]   60/1000  train=0.1683  val=0.2504  delta=0.0116  prog=0.0149  end=0.0376  end_acc=0.986  end_rec=0.414
[SplineFSQAE]   70/1000  train=0.1704  val=0.2776  delta=0.0112  prog=0.0183  end=0.0405  end_acc=0.987  end_rec=0.399
[SplineFSQAE]   80/1000  train=0.1589  val=0.2876  delta=0.0102  prog=0.0195  end=0.0377  end_acc=0.988  end_rec=0.466
[SplineFSQAE]   90/1000  train=0.1496  val=0.2943  delta=0.0097  prog=0.0188  end=0.0336  end_acc=0.989  end_rec=0.514
[SplineFSQAE]  100/1000  train=0.1398  val=0.3089  delta=0.0092  prog=0.0180  end=0.0294  end_acc=0.990  end_rec=0.565
[SplineFSQAE]  110/1000  train=0.1327  val=0.3158  delta=0.0089  prog=0.0174  end=0.0261  end_acc=0.990  end_rec=0.614
[SplineFSQAE]  120/1000  train=0.1246  val=0.3214  delta=0.0085  prog=0.0167  end=0.0231  end_acc=0.991  end_rec=0.670
[SplineFSQAE]  130/1000  train=0.1183  val=0.3331  delta=0.0082  prog=0.0161  end=0.0204  end_acc=0.992  end_rec=0.719
[SplineFSQAE]  140/1000  train=0.1145  val=0.3321  delta=0.0080  prog=0.0158  end=0.0187  end_acc=0.993  end_rec=0.750
[SplineFSQAE]  150/1000  train=0.1083  val=0.3529  delta=0.0076  prog=0.0153  end=0.0167  end_acc=0.993  end_rec=0.783
[SplineFSQAE]  160/1000  train=0.1039  val=0.3443  delta=0.0074  prog=0.0149  end=0.0151  end_acc=0.994  end_rec=0.814
[SplineFSQAE]  170/1000  train=0.1005  val=0.3617  delta=0.0072  prog=0.0145  end=0.0137  end_acc=0.995  end_rec=0.833
[SplineFSQAE]  180/1000  train=0.0981  val=0.3512  delta=0.0071  prog=0.0142  end=0.0128  end_acc=0.995  end_rec=0.851
[SplineFSQAE]  190/1000  train=0.0937  val=0.3553  delta=0.0069  prog=0.0138  end=0.0113  end_acc=0.996  end_rec=0.871
[SplineFSQAE]  200/1000  train=0.0913  val=0.3629  delta=0.0067  prog=0.0136  end=0.0111  end_acc=0.996  end_rec=0.874
[SplineFSQAE]  210/1000  train=0.0898  val=0.3666  delta=0.0066  prog=0.0133  end=0.0108  end_acc=0.996  end_rec=0.879
[SplineFSQAE]  220/1000  train=0.0871  val=0.3624  delta=0.0064  prog=0.0130  end=0.0099  end_acc=0.996  end_rec=0.887
[SplineFSQAE]  230/1000  train=0.0846  val=0.3671  delta=0.0063  prog=0.0126  end=0.0092  end_acc=0.997  end_rec=0.898
[SplineFSQAE]  240/1000  train=0.0826  val=0.3736  delta=0.0062  prog=0.0124  end=0.0086  end_acc=0.997  end_rec=0.907
[SplineFSQAE]  250/1000  train=0.0807  val=0.3689  delta=0.0060  prog=0.0122  end=0.0084  end_acc=0.997  end_rec=0.910
[SplineFSQAE]  260/1000  train=0.0796  val=0.3657  delta=0.0060  prog=0.0119  end=0.0079  end_acc=0.997  end_rec=0.914
[SplineFSQAE]  270/1000  train=0.0773  val=0.3797  delta=0.0058  prog=0.0116  end=0.0076  end_acc=0.997  end_rec=0.921
[SplineFSQAE]  280/1000  train=0.0759  val=0.3718  delta=0.0057  prog=0.0114  end=0.0072  end_acc=0.997  end_rec=0.926
[SplineFSQAE]  290/1000  train=0.0745  val=0.3690  delta=0.0056  prog=0.0112  end=0.0070  end_acc=0.997  end_rec=0.925
[SplineFSQAE]  300/1000  train=0.0728  val=0.3732  delta=0.0055  prog=0.0109  end=0.0065  end_acc=0.997  end_rec=0.931
[SplineFSQAE]  310/1000  train=0.0721  val=0.3838  delta=0.0055  prog=0.0108  end=0.0067  end_acc=0.998  end_rec=0.932
[SplineFSQAE]  320/1000  train=0.0702  val=0.3876  delta=0.0054  prog=0.0104  end=0.0061  end_acc=0.998  end_rec=0.937
[SplineFSQAE]  330/1000  train=0.0691  val=0.3945  delta=0.0053  prog=0.0102  end=0.0056  end_acc=0.998  end_rec=0.943
