START FSQ TRAIN
Node       : node01
Inputs     : /data2/dohyeon/SBD/libero_dataset/FSQ_dataset/libero_90/FSQ_inputs
Output     : /data2/dohyeon/SBD/FSQ_outputs/libero_90_fsq555_pg8_dino_flags_image64
Sun May 31 03:21:47 2026       
+---------------------------------------------------------------------------------------+
| NVIDIA-SMI 535.129.03             Driver Version: 535.129.03   CUDA Version: 12.2     |
|-----------------------------------------+----------------------+----------------------+
| GPU  Name                 Persistence-M | Bus-Id        Disp.A | Volatile Uncorr. ECC |
| Fan  Temp   Perf          Pwr:Usage/Cap |         Memory-Usage | GPU-Util  Compute M. |
|                                         |                      |               MIG M. |
|=========================================+======================+======================|
|   0  NVIDIA L40S                    On  | 00000000:01:00.0 Off |                    0 |
| N/A   35C    P8              32W / 350W |      3MiB / 46068MiB |      0%      Default |
|                                         |                      |                  N/A |
+-----------------------------------------+----------------------+----------------------+
                                                                                         
+---------------------------------------------------------------------------------------+
| Processes:                                                                            |
|  GPU   GI   CI        PID   Type   Process name                            GPU Memory |
|        ID   ID                                                             Usage      |
|=======================================================================================|
|  No running processes found                                                           |
+---------------------------------------------------------------------------------------+
No checkpoint found, training from scratch
[FSQ] Loaded 11178 skills from /data2/dohyeon/SBD/libero_dataset/FSQ_dataset/libero_90/FSQ_inputs/skillset/skills
[FSQ] Skill lengths — min:27 max:141 mean:50.7
[FSQ] Loaded DINO tokens from /data2/dohyeon/SBD/libero_dataset/FSQ_dataset/libero_90/FSQ_inputs/dino_tokens_pg8.npz — shape per clip: (51, 65, 384)
[FSQ] Loaded merged temporal SAM2 patch flags for all 11178 skills
[FSQ] action_min: [-0.4862 -0.3971  0.4455 -0.7481 -4.3631 -3.2124 -1.    ]
[FSQ] action_max: [0.2027 0.4881 1.3585 4.8434 4.0424 2.4015 1.    ]
[FSQ] delta_min:  [-0.9375 -0.9375 -0.9375 -0.3257 -0.375  -0.375  -1.    ]
[FSQ] delta_max:  [0.9375 0.9375 0.9375 0.375  0.375  0.375  1.    ]
[SplineFSQAE] 11178 segments | n_control=30 fsq=[5, 5, 5] hidden=256 K=10
[SplineFSQAE] trainable params: 5,641,545
[SplineFSQAE]    1/1000  train=0.7191  val=0.5437  delta=0.0579  prog=0.0386  end=0.1012  end_acc=0.969  end_rec=0.011
[SplineFSQAE]   10/1000  train=0.3061  val=0.2821  delta=0.0218  prog=0.0220  end=0.0663  end_acc=0.983  end_rec=0.162
[SplineFSQAE]   20/1000  train=0.2252  val=0.2100  delta=0.0152  prog=0.0148  end=0.0585  end_acc=0.984  end_rec=0.205
[SplineFSQAE]   30/1000  train=0.1968  val=0.1919  delta=0.0131  prog=0.0114  end=0.0543  end_acc=0.984  end_rec=0.208
[SplineFSQAE]   40/1000  train=0.1840  val=0.1828  delta=0.0121  prog=0.0102  end=0.0524  end_acc=0.984  end_rec=0.211
[SplineFSQAE]   50/1000  train=0.1751  val=0.1747  delta=0.0115  prog=0.0093  end=0.0508  end_acc=0.984  end_rec=0.214
[SplineFSQAE]   60/1000  train=0.1677  val=0.1756  delta=0.0110  prog=0.0087  end=0.0489  end_acc=0.984  end_rec=0.222
[SplineFSQAE]   70/1000  train=0.1604  val=0.1720  delta=0.0105  prog=0.0082  end=0.0473  end_acc=0.984  end_rec=0.236
[SplineFSQAE]   80/1000  train=0.1560  val=0.1717  delta=0.0103  prog=0.0079  end=0.0453  end_acc=0.984  end_rec=0.253
[SplineFSQAE]   90/1000  train=0.1510  val=0.1689  delta=0.0100  prog=0.0077  end=0.0435  end_acc=0.984  end_rec=0.274
[SplineFSQAE]  100/1000  train=0.1457  val=0.1716  delta=0.0097  prog=0.0075  end=0.0416  end_acc=0.985  end_rec=0.297
[SplineFSQAE]  110/1000  train=0.1415  val=0.1725  delta=0.0095  prog=0.0073  end=0.0396  end_acc=0.985  end_rec=0.334
[SplineFSQAE]  120/1000  train=0.1381  val=0.1729  delta=0.0093  prog=0.0072  end=0.0380  end_acc=0.985  end_rec=0.354
[SplineFSQAE]  130/1000  train=0.1336  val=0.1788  delta=0.0091  prog=0.0070  end=0.0354  end_acc=0.986  end_rec=0.404
[SplineFSQAE]  140/1000  train=0.1297  val=0.1792  delta=0.0089  prog=0.0069  end=0.0335  end_acc=0.987  end_rec=0.444
[SplineFSQAE]  150/1000  train=0.1258  val=0.1817  delta=0.0088  prog=0.0067  end=0.0311  end_acc=0.987  end_rec=0.488
[SplineFSQAE]  160/1000  train=0.1231  val=0.1854  delta=0.0086  prog=0.0068  end=0.0301  end_acc=0.988  end_rec=0.509
[SplineFSQAE]  170/1000  train=0.1204  val=0.1892  delta=0.0085  prog=0.0067  end=0.0284  end_acc=0.988  end_rec=0.542
[SplineFSQAE]  180/1000  train=0.1172  val=0.1883  delta=0.0084  prog=0.0067  end=0.0267  end_acc=0.989  end_rec=0.583
[SplineFSQAE]  190/1000  train=0.1160  val=0.1913  delta=0.0083  prog=0.0066  end=0.0259  end_acc=0.989  end_rec=0.599
[SplineFSQAE]  200/1000  train=0.1128  val=0.1940  delta=0.0082  prog=0.0065  end=0.0239  end_acc=0.990  end_rec=0.634
[SplineFSQAE]  210/1000  train=0.1103  val=0.1952  delta=0.0081  prog=0.0064  end=0.0230  end_acc=0.990  end_rec=0.655
[SplineFSQAE]  220/1000  train=0.1074  val=0.2000  delta=0.0079  prog=0.0064  end=0.0217  end_acc=0.991  end_rec=0.691
[SplineFSQAE]  230/1000  train=0.1055  val=0.1994  delta=0.0079  prog=0.0063  end=0.0206  end_acc=0.991  end_rec=0.709
[SplineFSQAE]  240/1000  train=0.1042  val=0.2025  delta=0.0078  prog=0.0063  end=0.0198  end_acc=0.992  end_rec=0.724
[SplineFSQAE]  250/1000  train=0.1030  val=0.2084  delta=0.0078  prog=0.0063  end=0.0190  end_acc=0.992  end_rec=0.746
[SplineFSQAE]  260/1000  train=0.1001  val=0.2076  delta=0.0076  prog=0.0061  end=0.0179  end_acc=0.993  end_rec=0.761
[SplineFSQAE]  270/1000  train=0.0983  val=0.2112  delta=0.0075  prog=0.0061  end=0.0170  end_acc=0.993  end_rec=0.778
[SplineFSQAE]  280/1000  train=0.0967  val=0.2106  delta=0.0074  prog=0.0060  end=0.0164  end_acc=0.993  end_rec=0.784
[SplineFSQAE]  290/1000  train=0.0952  val=0.2139  delta=0.0074  prog=0.0060  end=0.0156  end_acc=0.994  end_rec=0.803
[SplineFSQAE]  300/1000  train=0.0943  val=0.2093  delta=0.0073  prog=0.0059  end=0.0153  end_acc=0.994  end_rec=0.810
[SplineFSQAE]  310/1000  train=0.0927  val=0.2147  delta=0.0073  prog=0.0059  end=0.0142  end_acc=0.994  end_rec=0.827
[SplineFSQAE]  320/1000  train=0.0921  val=0.2160  delta=0.0072  prog=0.0059  end=0.0139  end_acc=0.994  end_rec=0.831
[SplineFSQAE]  330/1000  train=0.0905  val=0.2214  delta=0.0071  prog=0.0059  end=0.0133  end_acc=0.995  end_rec=0.838
[SplineFSQAE]  340/1000  train=0.0898  val=0.2201  delta=0.0071  prog=0.0057  end=0.0131  end_acc=0.995  end_rec=0.844
[SplineFSQAE]  350/1000  train=0.0879  val=0.2256  delta=0.0070  prog=0.0057  end=0.0121  end_acc=0.995  end_rec=0.855
[SplineFSQAE]  360/1000  train=0.0883  val=0.2284  delta=0.0070  prog=0.0058  end=0.0123  end_acc=0.995  end_rec=0.855
[SplineFSQAE]  370/1000  train=0.0862  val=0.2267  delta=0.0069  prog=0.0056  end=0.0113  end_acc=0.995  end_rec=0.867
[SplineFSQAE]  380/1000  train=0.0853  val=0.2287  delta=0.0069  prog=0.0056  end=0.0110  end_acc=0.996  end_rec=0.877
[SplineFSQAE]  390/1000  train=0.0848  val=0.2335  delta=0.0069  prog=0.0056  end=0.0106  end_acc=0.996  end_rec=0.881
[SplineFSQAE]  400/1000  train=0.0833  val=0.2286  delta=0.0067  prog=0.0055  end=0.0104  end_acc=0.996  end_rec=0.880
[SplineFSQAE]  410/1000  train=0.0828  val=0.2286  delta=0.0067  prog=0.0055  end=0.0102  end_acc=0.996  end_rec=0.885
[SplineFSQAE]  420/1000  train=0.0817  val=0.2349  delta=0.0067  prog=0.0054  end=0.0094  end_acc=0.996  end_rec=0.893
[SplineFSQAE]  430/1000  train=0.0812  val=0.2334  delta=0.0066  prog=0.0054  end=0.0095  end_acc=0.996  end_rec=0.896
[SplineFSQAE]  440/1000  train=0.0822  val=0.2373  delta=0.0067  prog=0.0056  end=0.0094  end_acc=0.996  end_rec=0.894
[SplineFSQAE]  450/1000  train=0.0793  val=0.2339  delta=0.0065  prog=0.0053  end=0.0085  end_acc=0.997  end_rec=0.905
[SplineFSQAE]  460/1000  train=0.0790  val=0.2428  delta=0.0065  prog=0.0053  end=0.0084  end_acc=0.997  end_rec=0.906
[SplineFSQAE]  470/1000  train=0.0781  val=0.2371  delta=0.0065  prog=0.0052  end=0.0082  end_acc=0.997  end_rec=0.911
[SplineFSQAE]  480/1000  train=0.0774  val=0.2427  delta=0.0065  prog=0.0052  end=0.0077  end_acc=0.997  end_rec=0.917
[SplineFSQAE]  490/1000  train=0.0771  val=0.2420  delta=0.0064  prog=0.0051  end=0.0076  end_acc=0.997  end_rec=0.916
[SplineFSQAE]  500/1000  train=0.0758  val=0.2459  delta=0.0063  prog=0.0051  end=0.0072  end_acc=0.997  end_rec=0.925
[SplineFSQAE]  510/1000  train=0.0755  val=0.2461  delta=0.0063  prog=0.0051  end=0.0072  end_acc=0.997  end_rec=0.922
[SplineFSQAE]  520/1000  train=0.0747  val=0.2504  delta=0.0063  prog=0.0050  end=0.0066  end_acc=0.997  end_rec=0.931
[SplineFSQAE]  530/1000  train=0.0742  val=0.2481  delta=0.0063  prog=0.0050  end=0.0066  end_acc=0.997  end_rec=0.930
[SplineFSQAE]  540/1000  train=0.0733  val=0.2506  delta=0.0062  prog=0.0049  end=0.0061  end_acc=0.998  end_rec=0.933
[SplineFSQAE]  550/1000  train=0.0731  val=0.2516  delta=0.0062  prog=0.0049  end=0.0062  end_acc=0.998  end_rec=0.934
[SplineFSQAE]  560/1000  train=0.0726  val=0.2569  delta=0.0062  prog=0.0049  end=0.0058  end_acc=0.998  end_rec=0.936
[SplineFSQAE]  570/1000  train=0.0724  val=0.2543  delta=0.0062  prog=0.0049  end=0.0059  end_acc=0.998  end_rec=0.938
[SplineFSQAE]  580/1000  train=0.0718  val=0.2577  delta=0.0061  prog=0.0048  end=0.0056  end_acc=0.998  end_rec=0.942
[SplineFSQAE]  590/1000  train=0.0713  val=0.2520  delta=0.0061  prog=0.0047  end=0.0057  end_acc=0.998  end_rec=0.939
[SplineFSQAE]  600/1000  train=0.0705  val=0.2646  delta=0.0061  prog=0.0047  end=0.0051  end_acc=0.998  end_rec=0.944
[SplineFSQAE]  610/1000  train=0.0702  val=0.2563  delta=0.0060  prog=0.0047  end=0.0051  end_acc=0.998  end_rec=0.947
[SplineFSQAE]  620/1000  train=0.0700  val=0.2576  delta=0.0060  prog=0.0047  end=0.0050  end_acc=0.998  end_rec=0.948
[SplineFSQAE]  630/1000  train=0.0696  val=0.2640  delta=0.0060  prog=0.0046  end=0.0048  end_acc=0.998  end_rec=0.950
[SplineFSQAE]  640/1000  train=0.0687  val=0.2668  delta=0.0060  prog=0.0046  end=0.0045  end_acc=0.998  end_rec=0.952
[SplineFSQAE]  650/1000  train=0.0682  val=0.2680  delta=0.0059  prog=0.0046  end=0.0044  end_acc=0.998  end_rec=0.955
[SplineFSQAE]  660/1000  train=0.0683  val=0.2683  delta=0.0059  prog=0.0046  end=0.0044  end_acc=0.998  end_rec=0.955
[SplineFSQAE]  670/1000  train=0.0678  val=0.2695  delta=0.0059  prog=0.0045  end=0.0043  end_acc=0.998  end_rec=0.956
[SplineFSQAE]  680/1000  train=0.0676  val=0.2679  delta=0.0059  prog=0.0045  end=0.0042  end_acc=0.998  end_rec=0.956
[SplineFSQAE]  690/1000  train=0.0673  val=0.2714  delta=0.0059  prog=0.0045  end=0.0041  end_acc=0.998  end_rec=0.956
[SplineFSQAE]  700/1000  train=0.0671  val=0.2700  delta=0.0059  prog=0.0045  end=0.0040  end_acc=0.999  end_rec=0.961
[SplineFSQAE]  710/1000  train=0.0671  val=0.2710  delta=0.0059  prog=0.0045  end=0.0039  end_acc=0.998  end_rec=0.958
[SplineFSQAE]  720/1000  train=0.0665  val=0.2731  delta=0.0058  prog=0.0044  end=0.0039  end_acc=0.998  end_rec=0.958
[SplineFSQAE]  730/1000  train=0.0659  val=0.2782  delta=0.0058  prog=0.0044  end=0.0035  end_acc=0.999  end_rec=0.963
[SplineFSQAE]  740/1000  train=0.0658  val=0.2788  delta=0.0058  prog=0.0044  end=0.0036  end_acc=0.999  end_rec=0.964
[SplineFSQAE]  750/1000  train=0.0653  val=0.2819  delta=0.0058  prog=0.0044  end=0.0033  end_acc=0.999  end_rec=0.966
[SplineFSQAE]  760/1000  train=0.0653  val=0.2819  delta=0.0058  prog=0.0043  end=0.0033  end_acc=0.999  end_rec=0.965
[SplineFSQAE]  770/1000  train=0.0648  val=0.2826  delta=0.0057  prog=0.0043  end=0.0030  end_acc=0.999  end_rec=0.969
[SplineFSQAE]  780/1000  train=0.0648  val=0.2837  delta=0.0057  prog=0.0043  end=0.0032  end_acc=0.999  end_rec=0.967
[SplineFSQAE]  790/1000  train=0.0642  val=0.2869  delta=0.0057  prog=0.0043  end=0.0028  end_acc=0.999  end_rec=0.971
[SplineFSQAE]  800/1000  train=0.0642  val=0.2852  delta=0.0057  prog=0.0042  end=0.0030  end_acc=0.999  end_rec=0.970
[SplineFSQAE]  810/1000  train=0.0643  val=0.2875  delta=0.0057  prog=0.0043  end=0.0031  end_acc=0.999  end_rec=0.970
[SplineFSQAE]  820/1000  train=0.0638  val=0.2888  delta=0.0057  prog=0.0042  end=0.0028  end_acc=0.999  end_rec=0.973
[SplineFSQAE]  830/1000  train=0.0639  val=0.2883  delta=0.0057  prog=0.0042  end=0.0030  end_acc=0.999  end_rec=0.970
[SplineFSQAE]  840/1000  train=0.0634  val=0.2929  delta=0.0057  prog=0.0042  end=0.0027  end_acc=0.999  end_rec=0.972
[SplineFSQAE]  850/1000  train=0.0633  val=0.2919  delta=0.0057  prog=0.0042  end=0.0026  end_acc=0.999  end_rec=0.974
[SplineFSQAE]  860/1000  train=0.0633  val=0.2959  delta=0.0057  prog=0.0042  end=0.0025  end_acc=0.999  end_rec=0.973
[SplineFSQAE]  870/1000  train=0.0629  val=0.2952  delta=0.0056  prog=0.0042  end=0.0023  end_acc=0.999  end_rec=0.975
[SplineFSQAE]  880/1000  train=0.0630  val=0.2940  delta=0.0056  prog=0.0041  end=0.0026  end_acc=0.999  end_rec=0.974
[SplineFSQAE]  890/1000  train=0.0625  val=0.2958  delta=0.0056  prog=0.0041  end=0.0023  end_acc=0.999  end_rec=0.977
[SplineFSQAE]  900/1000  train=0.0629  val=0.2966  delta=0.0056  prog=0.0041  end=0.0024  end_acc=0.999  end_rec=0.976
[SplineFSQAE]  910/1000  train=0.0628  val=0.2982  delta=0.0056  prog=0.0042  end=0.0024  end_acc=0.999  end_rec=0.975
[SplineFSQAE]  920/1000  train=0.0625  val=0.2987  delta=0.0056  prog=0.0041  end=0.0023  end_acc=0.999  end_rec=0.977
[SplineFSQAE]  930/1000  train=0.0626  val=0.2984  delta=0.0056  prog=0.0041  end=0.0024  end_acc=0.999  end_rec=0.976
[SplineFSQAE]  940/1000  train=0.0626  val=0.2976  delta=0.0056  prog=0.0041  end=0.0025  end_acc=0.999  end_rec=0.974
[SplineFSQAE]  950/1000  train=0.0624  val=0.2981  delta=0.0056  prog=0.0041  end=0.0023  end_acc=0.999  end_rec=0.978
[SplineFSQAE]  960/1000  train=0.0625  val=0.2982  delta=0.0056  prog=0.0041  end=0.0024  end_acc=0.999  end_rec=0.977
[SplineFSQAE]  970/1000  train=0.0622  val=0.2980  delta=0.0056  prog=0.0041  end=0.0021  end_acc=0.999  end_rec=0.979
[SplineFSQAE]  980/1000  train=0.0623  val=0.2981  delta=0.0056  prog=0.0041  end=0.0022  end_acc=0.999  end_rec=0.979
[SplineFSQAE]  990/1000  train=0.0624  val=0.2992  delta=0.0056  prog=0.0041  end=0.0023  end_acc=0.999  end_rec=0.978
[SplineFSQAE] 1000/1000  train=0.0624  val=0.2992  delta=0.0056  prog=0.0041  end=0.0023  end_acc=0.999  end_rec=0.977
[SplineFSQAE] done. best val loss: 0.1684
[1;34mwandb[0m: 
[1;34mwandb[0m: 🚀 View run [33mlibero_90_fsq555_pg8_dino_flags_image64[0m at: [34mhttps://wandb.ai/dohyeonlee-postech/VAE_train/runs/fualwto3[0m
[1;34mwandb[0m: Find logs at: [1;35mwandb/run-20260531_032319-fualwto3/logs[0m
