START FSQ TRAIN
Node       : node100
Inputs     : /data2/dohyeon/SBD/libero_dataset/FSQ_dataset/libero_90/FSQ_inputs
Output     : /data2/dohyeon/SBD/FSQ_outputs/libero_90_fsq555_pg8_dino_only_image64
Sun May 31 14:38:18 2026       
+---------------------------------------------------------------------------------------+
| NVIDIA-SMI 535.129.03             Driver Version: 535.129.03   CUDA Version: 12.2     |
|-----------------------------------------+----------------------+----------------------+
| GPU  Name                 Persistence-M | Bus-Id        Disp.A | Volatile Uncorr. ECC |
| Fan  Temp   Perf          Pwr:Usage/Cap |         Memory-Usage | GPU-Util  Compute M. |
|                                         |                      |               MIG M. |
|=========================================+======================+======================|
|   0  NVIDIA L40S                    On  | 00000000:61:00.0 Off |                    0 |
| N/A   37C    P8              35W / 350W |      3MiB / 46068MiB |      0%      Default |
|                                         |                      |                  N/A |
+-----------------------------------------+----------------------+----------------------+
                                                                                         
+---------------------------------------------------------------------------------------+
| Processes:                                                                            |
|  GPU   GI   CI        PID   Type   Process name                            GPU Memory |
|        ID   ID                                                             Usage      |
|=======================================================================================|
|  No running processes found                                                           |
+---------------------------------------------------------------------------------------+
No checkpoint found, training from scratch
[FSQ] Loaded 11178 skills from /data2/dohyeon/SBD/libero_dataset/FSQ_dataset/libero_90/FSQ_inputs/skillset/skills
[FSQ] Skill lengths — min:27 max:141 mean:50.7
[FSQ] Loaded DINO tokens from /data2/dohyeon/SBD/libero_dataset/FSQ_dataset/libero_90/FSQ_inputs/dino_tokens_pg8.npz — shape per clip: (51, 65, 384)
[FSQ] action_min: [-0.4862 -0.3971  0.4455 -0.7481 -4.3631 -3.2124 -1.    ]
[FSQ] action_max: [0.2027 0.4881 1.3585 4.8434 4.0424 2.4015 1.    ]
[FSQ] delta_min:  [-0.9375 -0.9375 -0.9375 -0.3257 -0.375  -0.375  -1.    ]
[FSQ] delta_max:  [0.9375 0.9375 0.9375 0.375  0.375  0.375  1.    ]
[SplineFSQAE] 11178 segments | n_control=30 fsq=[5, 5, 5] hidden=256 K=10
[SplineFSQAE] trainable params: 5,642,315
[SplineFSQAE]    1/1000  train=0.7079  val=0.5408  delta=0.0569  prog=0.0372  end=0.1015  end_acc=0.968  end_rec=0.012
[SplineFSQAE]   10/1000  train=0.2998  val=0.2774  delta=0.0216  prog=0.0195  end=0.0638  end_acc=0.983  end_rec=0.174
[SplineFSQAE]   20/1000  train=0.2306  val=0.2160  delta=0.0159  prog=0.0138  end=0.0573  end_acc=0.984  end_rec=0.190
[SplineFSQAE]   30/1000  train=0.2017  val=0.1936  delta=0.0137  prog=0.0107  end=0.0540  end_acc=0.984  end_rec=0.199
[SplineFSQAE]   40/1000  train=0.1878  val=0.1878  delta=0.0127  prog=0.0092  end=0.0517  end_acc=0.984  end_rec=0.208
[SplineFSQAE]   50/1000  train=0.1766  val=0.1861  delta=0.0118  prog=0.0085  end=0.0497  end_acc=0.984  end_rec=0.216
[SplineFSQAE]   60/1000  train=0.1684  val=0.1733  delta=0.0112  prog=0.0082  end=0.0481  end_acc=0.984  end_rec=0.226
[SplineFSQAE]   70/1000  train=0.1624  val=0.1731  delta=0.0108  prog=0.0077  end=0.0468  end_acc=0.984  end_rec=0.237
[SplineFSQAE]   80/1000  train=0.1576  val=0.1702  delta=0.0105  prog=0.0074  end=0.0455  end_acc=0.984  end_rec=0.248
[SplineFSQAE]   90/1000  train=0.1524  val=0.1683  delta=0.0101  prog=0.0072  end=0.0438  end_acc=0.984  end_rec=0.267
[SplineFSQAE]  100/1000  train=0.1465  val=0.1696  delta=0.0098  prog=0.0068  end=0.0418  end_acc=0.985  end_rec=0.294
[SplineFSQAE]  110/1000  train=0.1440  val=0.1705  delta=0.0097  prog=0.0068  end=0.0404  end_acc=0.985  end_rec=0.316
[SplineFSQAE]  120/1000  train=0.1398  val=0.1731  delta=0.0095  prog=0.0065  end=0.0386  end_acc=0.985  end_rec=0.345
