START FSQ TRAIN
Node       : node100
Inputs     : /data2/dohyeon/SBD/libero_dataset/FSQ_dataset/libero_90/FSQ_inputs
Output     : /data2/dohyeon/SBD/FSQ_outputs/libero_90_fsq555_pg8_only_image256
Tue Jun  2 23:04:22 2026       
+---------------------------------------------------------------------------------------+
| NVIDIA-SMI 535.129.03             Driver Version: 535.129.03   CUDA Version: 12.2     |
|-----------------------------------------+----------------------+----------------------+
| GPU  Name                 Persistence-M | Bus-Id        Disp.A | Volatile Uncorr. ECC |
| Fan  Temp   Perf          Pwr:Usage/Cap |         Memory-Usage | GPU-Util  Compute M. |
|                                         |                      |               MIG M. |
|=========================================+======================+======================|
|   0  NVIDIA L40S                    On  | 00000000:41:00.0 Off |                    0 |
| N/A   37C    P8              34W / 350W |      3MiB / 46068MiB |      0%      Default |
|                                         |                      |                  N/A |
+-----------------------------------------+----------------------+----------------------+
                                                                                         
+---------------------------------------------------------------------------------------+
| Processes:                                                                            |
|  GPU   GI   CI        PID   Type   Process name                            GPU Memory |
|        ID   ID                                                             Usage      |
|=======================================================================================|
|  No running processes found                                                           |
+---------------------------------------------------------------------------------------+
No checkpoint found, training from scratch
[FSQ] Loaded 11178 skills from /data2/dohyeon/SBD/libero_dataset/FSQ_dataset/libero_90/FSQ_inputs/skillset/skills
[FSQ] Skill lengths — min:27 max:141 mean:50.7
[FSQ] Loaded DINO tokens from /data2/dohyeon/SBD/libero_dataset/FSQ_dataset/libero_90/FSQ_inputs/dino_tokens_pg8.npz — shape per clip: (51, 65, 384)
[FSQ] action_min: [-0.4862 -0.3971  0.4455 -0.7481 -4.3631 -3.2124 -1.    ]
[FSQ] action_max: [0.2027 0.4881 1.3585 4.8434 4.0424 2.4015 1.    ]
[FSQ] delta_min:  [-0.9375 -0.9375 -0.9375 -0.3257 -0.375  -0.375  -1.    ]
[FSQ] delta_max:  [0.9375 0.9375 0.9375 0.375  0.375  0.375  1.    ]
[SplineFSQAE] 11178 segments | n_control=30 fsq=[5, 5, 5] hidden=256 K=10
[SplineFSQAE] trainable params: 7,957,323
[SplineFSQAE]    1/1000  train=0.8125  val=0.6196  delta=0.0671  prog=0.0408  end=0.1006  end_acc=0.980  end_rec=0.001
[SplineFSQAE]   10/1000  train=0.3132  val=0.3001  delta=0.0228  prog=0.0186  end=0.0663  end_acc=0.984  end_rec=0.168
[SplineFSQAE]   20/1000  train=0.2564  val=0.2674  delta=0.0182  prog=0.0142  end=0.0602  end_acc=0.984  end_rec=0.168
[SplineFSQAE]   30/1000  train=0.2250  val=0.2430  delta=0.0157  prog=0.0123  end=0.0554  end_acc=0.984  end_rec=0.171
[SplineFSQAE]   40/1000  train=0.2011  val=0.2441  delta=0.0139  prog=0.0109  end=0.0510  end_acc=0.984  end_rec=0.188
[SplineFSQAE]   50/1000  train=0.1810  val=0.2288  delta=0.0125  prog=0.0097  end=0.0463  end_acc=0.984  end_rec=0.227
[SplineFSQAE]   60/1000  train=0.1662  val=0.2320  delta=0.0116  prog=0.0090  end=0.0411  end_acc=0.985  end_rec=0.317
[SplineFSQAE]   70/1000  train=0.1530  val=0.2299  delta=0.0109  prog=0.0085  end=0.0357  end_acc=0.986  end_rec=0.439
[SplineFSQAE]   80/1000  train=0.1405  val=0.2341  delta=0.0102  prog=0.0081  end=0.0307  end_acc=0.988  end_rec=0.537
[SplineFSQAE]   90/1000  train=0.1341  val=0.2473  delta=0.0099  prog=0.0079  end=0.0270  end_acc=0.989  end_rec=0.613
[SplineFSQAE]  100/1000  train=0.1222  val=0.2500  delta=0.0092  prog=0.0074  end=0.0233  end_acc=0.991  end_rec=0.682
[SplineFSQAE]  110/1000  train=0.1143  val=0.2495  delta=0.0087  prog=0.0070  end=0.0202  end_acc=0.992  end_rec=0.738
[SplineFSQAE]  120/1000  train=0.1135  val=0.2521  delta=0.0087  prog=0.0072  end=0.0192  end_acc=0.992  end_rec=0.752
[SplineFSQAE]  130/1000  train=0.1036  val=0.2619  delta=0.0081  prog=0.0066  end=0.0161  end_acc=0.994  end_rec=0.799
[SplineFSQAE]  140/1000  train=0.0980  val=0.2769  delta=0.0078  prog=0.0063  end=0.0141  end_acc=0.994  end_rec=0.828
[SplineFSQAE]  150/1000  train=0.0940  val=0.2798  delta=0.0075  prog=0.0063  end=0.0129  end_acc=0.995  end_rec=0.846
[SplineFSQAE]  160/1000  train=0.0912  val=0.2825  delta=0.0072  prog=0.0061  end=0.0131  end_acc=0.995  end_rec=0.845
[SplineFSQAE]  170/1000  train=0.0872  val=0.2804  delta=0.0070  prog=0.0058  end=0.0113  end_acc=0.996  end_rec=0.868
[SplineFSQAE]  180/1000  train=0.0839  val=0.2894  delta=0.0068  prog=0.0057  end=0.0102  end_acc=0.996  end_rec=0.884
[SplineFSQAE]  190/1000  train=0.0810  val=0.2870  delta=0.0065  prog=0.0057  end=0.0103  end_acc=0.996  end_rec=0.884
[SplineFSQAE]  200/1000  train=0.0821  val=0.2891  delta=0.0066  prog=0.0058  end=0.0098  end_acc=0.996  end_rec=0.889
[SplineFSQAE]  210/1000  train=0.0763  val=0.2952  delta=0.0062  prog=0.0054  end=0.0086  end_acc=0.997  end_rec=0.905
[SplineFSQAE]  220/1000  train=0.0748  val=0.2908  delta=0.0061  prog=0.0053  end=0.0084  end_acc=0.997  end_rec=0.907
[SplineFSQAE]  230/1000  train=0.0726  val=0.3011  delta=0.0060  prog=0.0052  end=0.0079  end_acc=0.997  end_rec=0.916
[SplineFSQAE]  240/1000  train=0.0710  val=0.3016  delta=0.0059  prog=0.0051  end=0.0074  end_acc=0.997  end_rec=0.919
[SplineFSQAE]  250/1000  train=0.0694  val=0.3070  delta=0.0057  prog=0.0049  end=0.0070  end_acc=0.997  end_rec=0.925
[SplineFSQAE]  260/1000  train=0.0677  val=0.3176  delta=0.0056  prog=0.0049  end=0.0069  end_acc=0.997  end_rec=0.924
[SplineFSQAE]  270/1000  train=0.0670  val=0.3049  delta=0.0055  prog=0.0049  end=0.0067  end_acc=0.997  end_rec=0.928
[SplineFSQAE]  280/1000  train=0.0653  val=0.3164  delta=0.0054  prog=0.0048  end=0.0061  end_acc=0.998  end_rec=0.932
[SplineFSQAE]  290/1000  train=0.0629  val=0.3192  delta=0.0052  prog=0.0046  end=0.0059  end_acc=0.998  end_rec=0.938
[SplineFSQAE]  300/1000  train=0.0619  val=0.3182  delta=0.0052  prog=0.0045  end=0.0057  end_acc=0.998  end_rec=0.940
[SplineFSQAE]  310/1000  train=0.0619  val=0.3194  delta=0.0052  prog=0.0046  end=0.0057  end_acc=0.998  end_rec=0.939
[SplineFSQAE]  320/1000  train=0.0598  val=0.3173  delta=0.0050  prog=0.0045  end=0.0054  end_acc=0.998  end_rec=0.944
[SplineFSQAE]  330/1000  train=0.0586  val=0.3210  delta=0.0049  prog=0.0043  end=0.0049  end_acc=0.998  end_rec=0.950
[SplineFSQAE]  340/1000  train=0.0577  val=0.3211  delta=0.0049  prog=0.0043  end=0.0048  end_acc=0.998  end_rec=0.949
[SplineFSQAE]  350/1000  train=0.0743  val=0.3223  delta=0.0061  prog=0.0063  end=0.0075  end_acc=0.997  end_rec=0.922
[SplineFSQAE]  360/1000  train=0.0550  val=0.3237  delta=0.0046  prog=0.0041  end=0.0044  end_acc=0.998  end_rec=0.956
[SplineFSQAE]  370/1000  train=0.0544  val=0.3309  delta=0.0046  prog=0.0041  end=0.0042  end_acc=0.998  end_rec=0.957
[SplineFSQAE]  380/1000  train=0.0531  val=0.3240  delta=0.0045  prog=0.0040  end=0.0040  end_acc=0.998  end_rec=0.958
[SplineFSQAE]  390/1000  train=0.0528  val=0.3339  delta=0.0045  prog=0.0039  end=0.0039  end_acc=0.999  end_rec=0.960
[SplineFSQAE]  400/1000  train=0.0514  val=0.3389  delta=0.0044  prog=0.0038  end=0.0035  end_acc=0.999  end_rec=0.963
[SplineFSQAE]  410/1000  train=0.0515  val=0.3403  delta=0.0044  prog=0.0039  end=0.0037  end_acc=0.999  end_rec=0.961
[SplineFSQAE]  420/1000  train=0.0498  val=0.3499  delta=0.0043  prog=0.0038  end=0.0032  end_acc=0.999  end_rec=0.967
[SplineFSQAE]  430/1000  train=0.0491  val=0.3419  delta=0.0042  prog=0.0038  end=0.0036  end_acc=0.999  end_rec=0.965
[SplineFSQAE]  440/1000  train=0.0482  val=0.3452  delta=0.0042  prog=0.0036  end=0.0030  end_acc=0.999  end_rec=0.968
[SplineFSQAE]  450/1000  train=0.0482  val=0.3439  delta=0.0042  prog=0.0037  end=0.0031  end_acc=0.999  end_rec=0.969
[SplineFSQAE]  460/1000  train=0.0473  val=0.3531  delta=0.0041  prog=0.0036  end=0.0030  end_acc=0.999  end_rec=0.968
[SplineFSQAE]  470/1000  train=0.0464  val=0.3463  delta=0.0040  prog=0.0035  end=0.0028  end_acc=0.999  end_rec=0.970
[SplineFSQAE]  480/1000  train=0.0456  val=0.3509  delta=0.0040  prog=0.0034  end=0.0024  end_acc=0.999  end_rec=0.975
[SplineFSQAE]  490/1000  train=0.0453  val=0.3604  delta=0.0039  prog=0.0034  end=0.0026  end_acc=0.999  end_rec=0.974
[SplineFSQAE]  500/1000  train=0.0449  val=0.3610  delta=0.0039  prog=0.0034  end=0.0026  end_acc=0.999  end_rec=0.974
[SplineFSQAE]  510/1000  train=0.0442  val=0.3556  delta=0.0038  prog=0.0033  end=0.0025  end_acc=0.999  end_rec=0.974
[SplineFSQAE]  520/1000  train=0.0430  val=0.3617  delta=0.0038  prog=0.0032  end=0.0020  end_acc=0.999  end_rec=0.979
[SplineFSQAE]  530/1000  train=0.0427  val=0.3634  delta=0.0037  prog=0.0032  end=0.0020  end_acc=0.999  end_rec=0.978
[SplineFSQAE]  540/1000  train=0.0423  val=0.3733  delta=0.0037  prog=0.0033  end=0.0023  end_acc=0.999  end_rec=0.973
[SplineFSQAE]  550/1000  train=0.0417  val=0.3670  delta=0.0037  prog=0.0031  end=0.0021  end_acc=0.999  end_rec=0.979
[SplineFSQAE]  560/1000  train=0.0409  val=0.3767  delta=0.0036  prog=0.0031  end=0.0016  end_acc=0.999  end_rec=0.982
[SplineFSQAE]  570/1000  train=0.0407  val=0.3695  delta=0.0036  prog=0.0031  end=0.0019  end_acc=0.999  end_rec=0.980
[SplineFSQAE]  580/1000  train=0.0400  val=0.3847  delta=0.0035  prog=0.0030  end=0.0016  end_acc=0.999  end_rec=0.984
[SplineFSQAE]  590/1000  train=0.0394  val=0.3884  delta=0.0035  prog=0.0030  end=0.0015  end_acc=0.999  end_rec=0.984
[SplineFSQAE]  600/1000  train=0.0388  val=0.3768  delta=0.0034  prog=0.0029  end=0.0014  end_acc=0.999  end_rec=0.985
[SplineFSQAE]  610/1000  train=0.0389  val=0.3885  delta=0.0034  prog=0.0030  end=0.0018  end_acc=0.999  end_rec=0.981
[SplineFSQAE]  620/1000  train=0.0385  val=0.3846  delta=0.0034  prog=0.0028  end=0.0015  end_acc=0.999  end_rec=0.985
[SplineFSQAE]  630/1000  train=0.0376  val=0.3899  delta=0.0033  prog=0.0028  end=0.0015  end_acc=0.999  end_rec=0.985
[SplineFSQAE]  640/1000  train=0.0370  val=0.3975  delta=0.0033  prog=0.0027  end=0.0011  end_acc=1.000  end_rec=0.988
[SplineFSQAE]  650/1000  train=0.0373  val=0.3960  delta=0.0033  prog=0.0028  end=0.0013  end_acc=0.999  end_rec=0.986
[SplineFSQAE]  660/1000  train=0.0365  val=0.3986  delta=0.0032  prog=0.0027  end=0.0013  end_acc=1.000  end_rec=0.987
[SplineFSQAE]  670/1000  train=0.0361  val=0.4042  delta=0.0032  prog=0.0027  end=0.0011  end_acc=1.000  end_rec=0.988
[SplineFSQAE]  680/1000  train=0.0356  val=0.4104  delta=0.0032  prog=0.0026  end=0.0010  end_acc=1.000  end_rec=0.989
[SplineFSQAE]  690/1000  train=0.0352  val=0.4111  delta=0.0032  prog=0.0026  end=0.0010  end_acc=1.000  end_rec=0.989
[SplineFSQAE]  700/1000  train=0.0352  val=0.4077  delta=0.0032  prog=0.0026  end=0.0010  end_acc=1.000  end_rec=0.990
[SplineFSQAE]  710/1000  train=0.0348  val=0.4116  delta=0.0031  prog=0.0025  end=0.0009  end_acc=1.000  end_rec=0.991
[SplineFSQAE]  720/1000  train=0.0342  val=0.4256  delta=0.0031  prog=0.0025  end=0.0008  end_acc=1.000  end_rec=0.991
[SplineFSQAE]  730/1000  train=0.0343  val=0.4126  delta=0.0031  prog=0.0025  end=0.0010  end_acc=1.000  end_rec=0.990
[SplineFSQAE]  740/1000  train=0.0346  val=0.4147  delta=0.0031  prog=0.0026  end=0.0013  end_acc=1.000  end_rec=0.986
[SplineFSQAE]  750/1000  train=0.0334  val=0.4214  delta=0.0030  prog=0.0024  end=0.0008  end_acc=1.000  end_rec=0.993
[SplineFSQAE]  760/1000  train=0.0332  val=0.4353  delta=0.0030  prog=0.0024  end=0.0007  end_acc=1.000  end_rec=0.993
[SplineFSQAE]  770/1000  train=0.0329  val=0.4358  delta=0.0030  prog=0.0024  end=0.0007  end_acc=1.000  end_rec=0.992
[SplineFSQAE]  780/1000  train=0.0327  val=0.4346  delta=0.0030  prog=0.0023  end=0.0007  end_acc=1.000  end_rec=0.992
[SplineFSQAE]  790/1000  train=0.0324  val=0.4409  delta=0.0029  prog=0.0023  end=0.0006  end_acc=1.000  end_rec=0.994
[SplineFSQAE]  800/1000  train=0.0322  val=0.4427  delta=0.0029  prog=0.0023  end=0.0006  end_acc=1.000  end_rec=0.994
[SplineFSQAE]  810/1000  train=0.0323  val=0.4401  delta=0.0029  prog=0.0023  end=0.0007  end_acc=1.000  end_rec=0.994
[SplineFSQAE]  820/1000  train=0.0318  val=0.4426  delta=0.0029  prog=0.0023  end=0.0005  end_acc=1.000  end_rec=0.994
[SplineFSQAE]  830/1000  train=0.0317  val=0.4452  delta=0.0029  prog=0.0023  end=0.0005  end_acc=1.000  end_rec=0.993
[SplineFSQAE]  840/1000  train=0.0316  val=0.4518  delta=0.0029  prog=0.0022  end=0.0006  end_acc=1.000  end_rec=0.994
[SplineFSQAE]  850/1000  train=0.0315  val=0.4512  delta=0.0029  prog=0.0022  end=0.0006  end_acc=1.000  end_rec=0.993
[SplineFSQAE]  860/1000  train=0.0312  val=0.4592  delta=0.0029  prog=0.0022  end=0.0005  end_acc=1.000  end_rec=0.994
[SplineFSQAE]  870/1000  train=0.0311  val=0.4647  delta=0.0028  prog=0.0022  end=0.0005  end_acc=1.000  end_rec=0.994
[SplineFSQAE]  880/1000  train=0.0312  val=0.4575  delta=0.0029  prog=0.0022  end=0.0005  end_acc=1.000  end_rec=0.994
[SplineFSQAE]  890/1000  train=0.0310  val=0.4615  delta=0.0028  prog=0.0022  end=0.0005  end_acc=1.000  end_rec=0.995
[SplineFSQAE]  900/1000  train=0.0308  val=0.4668  delta=0.0028  prog=0.0022  end=0.0004  end_acc=1.000  end_rec=0.994
[SplineFSQAE]  910/1000  train=0.0307  val=0.4647  delta=0.0028  prog=0.0021  end=0.0004  end_acc=1.000  end_rec=0.995
[SplineFSQAE]  920/1000  train=0.0307  val=0.4665  delta=0.0028  prog=0.0021  end=0.0004  end_acc=1.000  end_rec=0.995
[SplineFSQAE]  930/1000  train=0.0306  val=0.4721  delta=0.0028  prog=0.0021  end=0.0004  end_acc=1.000  end_rec=0.994
[SplineFSQAE]  940/1000  train=0.0304  val=0.4686  delta=0.0028  prog=0.0021  end=0.0004  end_acc=1.000  end_rec=0.995
[SplineFSQAE]  950/1000  train=0.0305  val=0.4683  delta=0.0028  prog=0.0021  end=0.0004  end_acc=1.000  end_rec=0.995
[SplineFSQAE]  960/1000  train=0.0303  val=0.4732  delta=0.0028  prog=0.0021  end=0.0004  end_acc=1.000  end_rec=0.996
[SplineFSQAE]  970/1000  train=0.0303  val=0.4721  delta=0.0028  prog=0.0021  end=0.0003  end_acc=1.000  end_rec=0.996
[SplineFSQAE]  980/1000  train=0.0303  val=0.4736  delta=0.0028  prog=0.0021  end=0.0004  end_acc=1.000  end_rec=0.995
[SplineFSQAE]  990/1000  train=0.0305  val=0.4715  delta=0.0028  prog=0.0021  end=0.0004  end_acc=1.000  end_rec=0.996
[SplineFSQAE] 1000/1000  train=0.0304  val=0.4734  delta=0.0028  prog=0.0021  end=0.0004  end_acc=1.000  end_rec=0.995
[SplineFSQAE] done. best val loss: 0.2253
[1;34mwandb[0m: 
[1;34mwandb[0m: 🚀 View run [33mlibero_90_fsq555_pg8_only_image256[0m at: [34mhttps://wandb.ai/dohyeonlee-postech/VAE_train/runs/sxb5v0vx[0m
[1;34mwandb[0m: Find logs at: [1;35mwandb/run-20260602_230522-sxb5v0vx/logs[0m
