START FSQ TRAIN
Node       : node100
Inputs     : /data2/dohyeon/SBD/libero_dataset/FSQ_dataset/libero_90/FSQ_inputs
Output     : /data2/dohyeon/SBD/FSQ_outputs/libero_90_fsq555_pg8_flags_image256
Tue Jun  2 23:04:54 2026       
+---------------------------------------------------------------------------------------+
| NVIDIA-SMI 535.129.03             Driver Version: 535.129.03   CUDA Version: 12.2     |
|-----------------------------------------+----------------------+----------------------+
| GPU  Name                 Persistence-M | Bus-Id        Disp.A | Volatile Uncorr. ECC |
| Fan  Temp   Perf          Pwr:Usage/Cap |         Memory-Usage | GPU-Util  Compute M. |
|                                         |                      |               MIG M. |
|=========================================+======================+======================|
|   0  NVIDIA L40S                    On  | 00000000:01:00.0 Off |                    0 |
| N/A   36C    P8              35W / 350W |      3MiB / 46068MiB |      0%      Default |
|                                         |                      |                  N/A |
+-----------------------------------------+----------------------+----------------------+
                                                                                         
+---------------------------------------------------------------------------------------+
| Processes:                                                                            |
|  GPU   GI   CI        PID   Type   Process name                            GPU Memory |
|        ID   ID                                                             Usage      |
|=======================================================================================|
|  No running processes found                                                           |
+---------------------------------------------------------------------------------------+
No checkpoint found, training from scratch
[FSQ] Loaded 11178 skills from /data2/dohyeon/SBD/libero_dataset/FSQ_dataset/libero_90/FSQ_inputs/skillset/skills
[FSQ] Skill lengths — min:27 max:141 mean:50.7
[FSQ] Loaded DINO tokens from /data2/dohyeon/SBD/libero_dataset/FSQ_dataset/libero_90/FSQ_inputs/dino_tokens_pg8.npz — shape per clip: (51, 65, 384)
[FSQ] Loaded merged temporal SAM2 patch flags for all 11178 skills
[FSQ] action_min: [-0.4862 -0.3971  0.4455 -0.7481 -4.3631 -3.2124 -1.    ]
[FSQ] action_max: [0.2027 0.4881 1.3585 4.8434 4.0424 2.4015 1.    ]
[FSQ] delta_min:  [-0.9375 -0.9375 -0.9375 -0.3257 -0.375  -0.375  -1.    ]
[FSQ] delta_max:  [0.9375 0.9375 0.9375 0.375  0.375  0.375  1.    ]
[SplineFSQAE] 11178 segments | n_control=30 fsq=[5, 5, 5] hidden=256 K=10
[SplineFSQAE] trainable params: 9,044,811
[SplineFSQAE]    1/1000  train=0.8308  val=0.6225  delta=0.0690  prog=0.0407  end=0.1005  end_acc=0.980  end_rec=0.000
[SplineFSQAE]   10/1000  train=0.2961  val=0.2814  delta=0.0211  prog=0.0185  end=0.0662  end_acc=0.984  end_rec=0.168
[SplineFSQAE]   20/1000  train=0.2338  val=0.2375  delta=0.0161  prog=0.0135  end=0.0594  end_acc=0.984  end_rec=0.169
[SplineFSQAE]   30/1000  train=0.2071  val=0.2292  delta=0.0140  prog=0.0116  end=0.0553  end_acc=0.984  end_rec=0.170
[SplineFSQAE]   40/1000  train=0.1921  val=0.2262  delta=0.0130  prog=0.0107  end=0.0514  end_acc=0.984  end_rec=0.182
[SplineFSQAE]   50/1000  train=0.1766  val=0.2298  delta=0.0120  prog=0.0100  end=0.0466  end_acc=0.984  end_rec=0.220
[SplineFSQAE]   60/1000  train=0.1610  val=0.2236  delta=0.0110  prog=0.0093  end=0.0416  end_acc=0.985  end_rec=0.314
[SplineFSQAE]   70/1000  train=0.1475  val=0.2331  delta=0.0103  prog=0.0089  end=0.0360  end_acc=0.986  end_rec=0.420
[SplineFSQAE]   80/1000  train=0.1375  val=0.2367  delta=0.0098  prog=0.0084  end=0.0308  end_acc=0.988  end_rec=0.532
[SplineFSQAE]   90/1000  train=0.1264  val=0.2328  delta=0.0092  prog=0.0079  end=0.0264  end_acc=0.989  end_rec=0.617
[SplineFSQAE]  100/1000  train=0.1181  val=0.2400  delta=0.0087  prog=0.0077  end=0.0229  end_acc=0.991  end_rec=0.688
[SplineFSQAE]  110/1000  train=0.1135  val=0.2480  delta=0.0086  prog=0.0074  end=0.0206  end_acc=0.992  end_rec=0.728
[SplineFSQAE]  120/1000  train=0.1063  val=0.2570  delta=0.0081  prog=0.0071  end=0.0182  end_acc=0.993  end_rec=0.768
[SplineFSQAE]  130/1000  train=0.1022  val=0.2620  delta=0.0079  prog=0.0069  end=0.0167  end_acc=0.993  end_rec=0.794
[SplineFSQAE]  140/1000  train=0.0965  val=0.2658  delta=0.0075  prog=0.0066  end=0.0148  end_acc=0.994  end_rec=0.818
[SplineFSQAE]  150/1000  train=0.0941  val=0.2694  delta=0.0074  prog=0.0065  end=0.0137  end_acc=0.995  end_rec=0.836
[SplineFSQAE]  160/1000  train=0.0894  val=0.2753  delta=0.0071  prog=0.0064  end=0.0124  end_acc=0.995  end_rec=0.852
[SplineFSQAE]  170/1000  train=0.0911  val=0.2779  delta=0.0071  prog=0.0066  end=0.0131  end_acc=0.995  end_rec=0.842
[SplineFSQAE]  180/1000  train=0.0835  val=0.2806  delta=0.0067  prog=0.0060  end=0.0105  end_acc=0.996  end_rec=0.875
[SplineFSQAE]  190/1000  train=0.0799  val=0.2866  delta=0.0064  prog=0.0059  end=0.0101  end_acc=0.996  end_rec=0.886
[SplineFSQAE]  200/1000  train=0.0781  val=0.2901  delta=0.0062  prog=0.0057  end=0.0099  end_acc=0.996  end_rec=0.888
[SplineFSQAE]  210/1000  train=0.0757  val=0.2868  delta=0.0061  prog=0.0056  end=0.0092  end_acc=0.996  end_rec=0.896
[SplineFSQAE]  220/1000  train=0.0739  val=0.2869  delta=0.0059  prog=0.0056  end=0.0089  end_acc=0.997  end_rec=0.897
[SplineFSQAE]  230/1000  train=0.0728  val=0.2882  delta=0.0059  prog=0.0056  end=0.0084  end_acc=0.997  end_rec=0.907
[SplineFSQAE]  240/1000  train=0.0699  val=0.3029  delta=0.0057  prog=0.0053  end=0.0078  end_acc=0.997  end_rec=0.913
[SplineFSQAE]  250/1000  train=0.0679  val=0.2935  delta=0.0055  prog=0.0052  end=0.0075  end_acc=0.997  end_rec=0.917
[SplineFSQAE]  260/1000  train=0.0667  val=0.3024  delta=0.0054  prog=0.0051  end=0.0074  end_acc=0.997  end_rec=0.918
[SplineFSQAE]  270/1000  train=0.0653  val=0.2944  delta=0.0053  prog=0.0050  end=0.0070  end_acc=0.997  end_rec=0.926
[SplineFSQAE]  280/1000  train=0.0628  val=0.3044  delta=0.0052  prog=0.0048  end=0.0063  end_acc=0.998  end_rec=0.934
[SplineFSQAE]  290/1000  train=0.0652  val=0.3149  delta=0.0055  prog=0.0048  end=0.0059  end_acc=0.998  end_rec=0.938
[SplineFSQAE]  300/1000  train=0.0601  val=0.3041  delta=0.0050  prog=0.0047  end=0.0057  end_acc=0.998  end_rec=0.940
[SplineFSQAE]  310/1000  train=0.0603  val=0.3094  delta=0.0050  prog=0.0047  end=0.0057  end_acc=0.998  end_rec=0.940
[SplineFSQAE]  320/1000  train=0.0581  val=0.3101  delta=0.0048  prog=0.0046  end=0.0053  end_acc=0.998  end_rec=0.943
[SplineFSQAE]  330/1000  train=0.0576  val=0.3083  delta=0.0048  prog=0.0045  end=0.0053  end_acc=0.998  end_rec=0.945
[SplineFSQAE]  340/1000  train=0.0569  val=0.3146  delta=0.0047  prog=0.0046  end=0.0051  end_acc=0.998  end_rec=0.949
[SplineFSQAE]  350/1000  train=0.0554  val=0.3223  delta=0.0046  prog=0.0043  end=0.0046  end_acc=0.998  end_rec=0.951
[SplineFSQAE]  360/1000  train=0.0544  val=0.3226  delta=0.0046  prog=0.0042  end=0.0046  end_acc=0.998  end_rec=0.953
[SplineFSQAE]  370/1000  train=0.0530  val=0.3349  delta=0.0045  prog=0.0041  end=0.0041  end_acc=0.999  end_rec=0.961
[SplineFSQAE]  380/1000  train=0.0528  val=0.3385  delta=0.0044  prog=0.0041  end=0.0044  end_acc=0.998  end_rec=0.954
[SplineFSQAE]  390/1000  train=0.0510  val=0.3369  delta=0.0043  prog=0.0040  end=0.0036  end_acc=0.999  end_rec=0.960
[SplineFSQAE]  400/1000  train=0.0504  val=0.3377  delta=0.0043  prog=0.0040  end=0.0036  end_acc=0.999  end_rec=0.962
[SplineFSQAE]  410/1000  train=0.0500  val=0.3401  delta=0.0042  prog=0.0040  end=0.0038  end_acc=0.999  end_rec=0.959
[SplineFSQAE]  420/1000  train=0.0501  val=0.3387  delta=0.0042  prog=0.0041  end=0.0038  end_acc=0.999  end_rec=0.960
[SplineFSQAE]  430/1000  train=0.0481  val=0.3444  delta=0.0041  prog=0.0037  end=0.0031  end_acc=0.999  end_rec=0.968
[SplineFSQAE]  440/1000  train=0.0486  val=0.3471  delta=0.0042  prog=0.0038  end=0.0032  end_acc=0.999  end_rec=0.965
[SplineFSQAE]  450/1000  train=0.0473  val=0.3354  delta=0.0041  prog=0.0037  end=0.0031  end_acc=0.999  end_rec=0.966
[SplineFSQAE]  460/1000  train=0.0459  val=0.3523  delta=0.0039  prog=0.0036  end=0.0029  end_acc=0.999  end_rec=0.971
[SplineFSQAE]  470/1000  train=0.0454  val=0.3530  delta=0.0039  prog=0.0036  end=0.0027  end_acc=0.999  end_rec=0.972
[SplineFSQAE]  480/1000  train=0.0448  val=0.3447  delta=0.0039  prog=0.0036  end=0.0027  end_acc=0.999  end_rec=0.972
[SplineFSQAE]  490/1000  train=0.0444  val=0.3606  delta=0.0038  prog=0.0035  end=0.0025  end_acc=0.999  end_rec=0.973
[SplineFSQAE]  500/1000  train=0.0440  val=0.3536  delta=0.0038  prog=0.0035  end=0.0026  end_acc=0.999  end_rec=0.973
[SplineFSQAE]  510/1000  train=0.0428  val=0.3585  delta=0.0037  prog=0.0034  end=0.0022  end_acc=0.999  end_rec=0.977
[SplineFSQAE]  520/1000  train=0.0423  val=0.3595  delta=0.0037  prog=0.0033  end=0.0022  end_acc=0.999  end_rec=0.977
[SplineFSQAE]  530/1000  train=0.0419  val=0.3637  delta=0.0036  prog=0.0033  end=0.0023  end_acc=0.999  end_rec=0.976
[SplineFSQAE]  540/1000  train=0.0412  val=0.3663  delta=0.0036  prog=0.0032  end=0.0021  end_acc=0.999  end_rec=0.978
[SplineFSQAE]  550/1000  train=0.0413  val=0.3658  delta=0.0036  prog=0.0033  end=0.0022  end_acc=0.999  end_rec=0.979
[SplineFSQAE]  560/1000  train=0.0398  val=0.3725  delta=0.0035  prog=0.0031  end=0.0018  end_acc=0.999  end_rec=0.979
[SplineFSQAE]  570/1000  train=0.0400  val=0.3701  delta=0.0035  prog=0.0031  end=0.0020  end_acc=0.999  end_rec=0.981
[SplineFSQAE]  580/1000  train=0.0387  val=0.3873  delta=0.0034  prog=0.0030  end=0.0015  end_acc=0.999  end_rec=0.984
[SplineFSQAE]  590/1000  train=0.0391  val=0.3787  delta=0.0034  prog=0.0031  end=0.0019  end_acc=0.999  end_rec=0.979
[SplineFSQAE]  600/1000  train=0.0383  val=0.3810  delta=0.0034  prog=0.0030  end=0.0017  end_acc=0.999  end_rec=0.983
[SplineFSQAE]  610/1000  train=0.0381  val=0.3916  delta=0.0034  prog=0.0029  end=0.0014  end_acc=0.999  end_rec=0.985
[SplineFSQAE]  620/1000  train=0.0374  val=0.3910  delta=0.0033  prog=0.0029  end=0.0015  end_acc=0.999  end_rec=0.985
[SplineFSQAE]  630/1000  train=0.0368  val=0.3946  delta=0.0033  prog=0.0028  end=0.0014  end_acc=1.000  end_rec=0.987
[SplineFSQAE]  640/1000  train=0.0362  val=0.3931  delta=0.0032  prog=0.0028  end=0.0012  end_acc=1.000  end_rec=0.987
[SplineFSQAE]  650/1000  train=0.0363  val=0.3885  delta=0.0032  prog=0.0028  end=0.0014  end_acc=0.999  end_rec=0.987
[SplineFSQAE]  660/1000  train=0.0358  val=0.3997  delta=0.0032  prog=0.0027  end=0.0013  end_acc=0.999  end_rec=0.986
[SplineFSQAE]  670/1000  train=0.0354  val=0.4039  delta=0.0031  prog=0.0027  end=0.0012  end_acc=1.000  end_rec=0.987
[SplineFSQAE]  680/1000  train=0.0348  val=0.4192  delta=0.0031  prog=0.0027  end=0.0010  end_acc=1.000  end_rec=0.989
[SplineFSQAE]  690/1000  train=0.0343  val=0.4170  delta=0.0031  prog=0.0026  end=0.0009  end_acc=1.000  end_rec=0.990
[SplineFSQAE]  700/1000  train=0.0344  val=0.4027  delta=0.0031  prog=0.0026  end=0.0011  end_acc=1.000  end_rec=0.988
[SplineFSQAE]  710/1000  train=0.0342  val=0.4169  delta=0.0031  prog=0.0026  end=0.0010  end_acc=1.000  end_rec=0.989
[SplineFSQAE]  720/1000  train=0.0338  val=0.4162  delta=0.0030  prog=0.0026  end=0.0009  end_acc=1.000  end_rec=0.990
[SplineFSQAE]  730/1000  train=0.0333  val=0.4224  delta=0.0030  prog=0.0025  end=0.0008  end_acc=1.000  end_rec=0.992
[SplineFSQAE]  740/1000  train=0.0330  val=0.4290  delta=0.0030  prog=0.0025  end=0.0008  end_acc=1.000  end_rec=0.991
[SplineFSQAE]  750/1000  train=0.0328  val=0.4303  delta=0.0030  prog=0.0024  end=0.0007  end_acc=1.000  end_rec=0.991
[SplineFSQAE]  760/1000  train=0.0326  val=0.4287  delta=0.0029  prog=0.0025  end=0.0008  end_acc=1.000  end_rec=0.991
[SplineFSQAE]  770/1000  train=0.0325  val=0.4378  delta=0.0029  prog=0.0024  end=0.0007  end_acc=1.000  end_rec=0.991
[SplineFSQAE]  780/1000  train=0.0321  val=0.4347  delta=0.0029  prog=0.0024  end=0.0007  end_acc=1.000  end_rec=0.992
[SplineFSQAE]  790/1000  train=0.0319  val=0.4391  delta=0.0029  prog=0.0024  end=0.0007  end_acc=1.000  end_rec=0.992
[SplineFSQAE]  800/1000  train=0.0315  val=0.4457  delta=0.0029  prog=0.0023  end=0.0006  end_acc=1.000  end_rec=0.993
[SplineFSQAE]  810/1000  train=0.0315  val=0.4463  delta=0.0029  prog=0.0023  end=0.0006  end_acc=1.000  end_rec=0.994
[SplineFSQAE]  820/1000  train=0.0311  val=0.4515  delta=0.0028  prog=0.0023  end=0.0006  end_acc=1.000  end_rec=0.994
[SplineFSQAE]  830/1000  train=0.0310  val=0.4457  delta=0.0028  prog=0.0023  end=0.0006  end_acc=1.000  end_rec=0.993
[SplineFSQAE]  840/1000  train=0.0310  val=0.4510  delta=0.0028  prog=0.0023  end=0.0005  end_acc=1.000  end_rec=0.994
[SplineFSQAE]  850/1000  train=0.0307  val=0.4537  delta=0.0028  prog=0.0022  end=0.0005  end_acc=1.000  end_rec=0.994
[SplineFSQAE]  860/1000  train=0.0307  val=0.4534  delta=0.0028  prog=0.0022  end=0.0005  end_acc=1.000  end_rec=0.993
[SplineFSQAE]  870/1000  train=0.0305  val=0.4614  delta=0.0028  prog=0.0022  end=0.0005  end_acc=1.000  end_rec=0.995
[SplineFSQAE]  880/1000  train=0.0306  val=0.4613  delta=0.0028  prog=0.0022  end=0.0005  end_acc=1.000  end_rec=0.994
[SplineFSQAE]  890/1000  train=0.0303  val=0.4626  delta=0.0028  prog=0.0022  end=0.0004  end_acc=1.000  end_rec=0.995
[SplineFSQAE]  900/1000  train=0.0301  val=0.4655  delta=0.0028  prog=0.0022  end=0.0004  end_acc=1.000  end_rec=0.995
[SplineFSQAE]  910/1000  train=0.0300  val=0.4655  delta=0.0027  prog=0.0022  end=0.0004  end_acc=1.000  end_rec=0.995
[SplineFSQAE]  920/1000  train=0.0299  val=0.4676  delta=0.0027  prog=0.0022  end=0.0004  end_acc=1.000  end_rec=0.995
[SplineFSQAE]  930/1000  train=0.0299  val=0.4677  delta=0.0027  prog=0.0021  end=0.0004  end_acc=1.000  end_rec=0.994
[SplineFSQAE]  940/1000  train=0.0299  val=0.4659  delta=0.0027  prog=0.0021  end=0.0004  end_acc=1.000  end_rec=0.996
[SplineFSQAE]  950/1000  train=0.0299  val=0.4680  delta=0.0027  prog=0.0022  end=0.0004  end_acc=1.000  end_rec=0.995
[SplineFSQAE]  960/1000  train=0.0299  val=0.4685  delta=0.0027  prog=0.0022  end=0.0004  end_acc=1.000  end_rec=0.995
[SplineFSQAE]  970/1000  train=0.0298  val=0.4684  delta=0.0027  prog=0.0021  end=0.0004  end_acc=1.000  end_rec=0.995
[SplineFSQAE]  980/1000  train=0.0296  val=0.4688  delta=0.0027  prog=0.0021  end=0.0004  end_acc=1.000  end_rec=0.996
[SplineFSQAE]  990/1000  train=0.0297  val=0.4708  delta=0.0027  prog=0.0021  end=0.0004  end_acc=1.000  end_rec=0.996
[SplineFSQAE] 1000/1000  train=0.0297  val=0.4709  delta=0.0027  prog=0.0021  end=0.0004  end_acc=1.000  end_rec=0.996
[SplineFSQAE] done. best val loss: 0.2161
[1;34mwandb[0m: 
[1;34mwandb[0m: 🚀 View run [33mlibero_90_fsq555_pg8_flags_image256[0m at: [34mhttps://wandb.ai/dohyeonlee-postech/VAE_train/runs/ce0758ds[0m
[1;34mwandb[0m: Find logs at: [1;35mwandb/run-20260602_230552-ce0758ds/logs[0m
