START FSQ TRAIN
Node       : node01
Inputs     : /data2/dohyeon/SBD/libero_original_dataset/FSQ_dataset/libero_90_full_full/FSQ_inputs
Output     : /data2/dohyeon/SBD/outputs_FSQ/libero_90_full_full_fsq88_pg8_image256
Sun Jun  7 19:08:31 2026       
+---------------------------------------------------------------------------------------+
| NVIDIA-SMI 535.129.03             Driver Version: 535.129.03   CUDA Version: 12.2     |
|-----------------------------------------+----------------------+----------------------+
| GPU  Name                 Persistence-M | Bus-Id        Disp.A | Volatile Uncorr. ECC |
| Fan  Temp   Perf          Pwr:Usage/Cap |         Memory-Usage | GPU-Util  Compute M. |
|                                         |                      |               MIG M. |
|=========================================+======================+======================|
|   0  NVIDIA L40S                    On  | 00000000:01:00.0 Off |                    0 |
| N/A   45C    P0              96W / 350W |      3MiB / 46068MiB |      0%      Default |
|                                         |                      |                  N/A |
+-----------------------------------------+----------------------+----------------------+
                                                                                         
+---------------------------------------------------------------------------------------+
| Processes:                                                                            |
|  GPU   GI   CI        PID   Type   Process name                            GPU Memory |
|        ID   ID                                                             Usage      |
|=======================================================================================|
|  No running processes found                                                           |
+---------------------------------------------------------------------------------------+
No checkpoint found, training from scratch
[FSQ] Loaded 12995 skills from /data2/dohyeon/SBD/libero_original_dataset/FSQ_dataset/libero_90_full_full/FSQ_inputs/skillset/skills
[FSQ] Skill lengths — min:27 max:132 mean:51.4
[FSQ] Loaded DINO tokens from /data2/dohyeon/SBD/libero_original_dataset/FSQ_dataset/libero_90_full_full/FSQ_inputs/dino_tokens_pg8.npz — shape per clip: (30, 65, 384)
[FSQ] Loaded DINO tokens from /data2/dohyeon/SBD/libero_original_dataset/FSQ_dataset/libero_90_full_full/FSQ_inputs/dino_tokens_wrist_pg8.npz — shape per clip: (30, 65, 384)
[FSQ] action_min: [-0.4941 -0.392   0.4453 -0.716  -4.3609 -3.1193 -1.    ]
[FSQ] action_max: [0.2033 0.5048 1.3516 4.8438 4.115  2.5568 1.    ]
[FSQ] delta_min:  [-0.9375 -0.9375 -0.9375 -0.3396 -0.375  -0.375  -1.    ]
[FSQ] delta_max:  [0.9375 0.9375 0.9375 0.375  0.375  0.375  1.    ]
[SplineFSQAE] 12995 segments | n_control=30 fsq=[8, 8] hidden=256 K=10
[SplineFSQAE] trainable params: 9,191,754
[SplineFSQAE]    1/1000  train=0.1916  val=0.1619  delta=0.0614  prog=0.0365  end=0.0937  end_acc=0.979  end_rec=0.002
[SplineFSQAE]   10/1000  train=0.1365  val=0.1380  delta=0.0371  prog=0.0252  end=0.0742  end_acc=0.982  end_rec=0.073
[SplineFSQAE]   20/1000  train=0.1167  val=0.1285  delta=0.0305  prog=0.0228  end=0.0634  end_acc=0.983  end_rec=0.150
[SplineFSQAE]   30/1000  train=0.1030  val=0.1382  delta=0.0275  prog=0.0215  end=0.0541  end_acc=0.984  end_rec=0.191
[SplineFSQAE]   40/1000  train=0.0879  val=0.1518  delta=0.0246  prog=0.0205  end=0.0429  end_acc=0.985  end_rec=0.314
[SplineFSQAE]   50/1000  train=0.0740  val=0.1664  delta=0.0225  prog=0.0195  end=0.0320  end_acc=0.988  end_rec=0.504
[SplineFSQAE]   60/1000  train=0.0634  val=0.1838  delta=0.0204  prog=0.0185  end=0.0245  end_acc=0.990  end_rec=0.647
[SplineFSQAE]   70/1000  train=0.0561  val=0.1948  delta=0.0185  prog=0.0178  end=0.0197  end_acc=0.992  end_rec=0.732
[SplineFSQAE]   80/1000  train=0.0504  val=0.2116  delta=0.0174  prog=0.0171  end=0.0159  end_acc=0.994  end_rec=0.798
[SplineFSQAE]   90/1000  train=0.0461  val=0.2243  delta=0.0157  prog=0.0166  end=0.0138  end_acc=0.995  end_rec=0.833
[SplineFSQAE]  100/1000  train=0.0428  val=0.2129  delta=0.0144  prog=0.0160  end=0.0123  end_acc=0.995  end_rec=0.854
[SplineFSQAE]  110/1000  train=0.0403  val=0.2210  delta=0.0141  prog=0.0155  end=0.0107  end_acc=0.996  end_rec=0.877
[SplineFSQAE]  120/1000  train=0.0371  val=0.2218  delta=0.0129  prog=0.0148  end=0.0094  end_acc=0.996  end_rec=0.895
[SplineFSQAE]  130/1000  train=0.0345  val=0.2332  delta=0.0118  prog=0.0141  end=0.0086  end_acc=0.997  end_rec=0.907
[SplineFSQAE]  140/1000  train=0.0328  val=0.2247  delta=0.0112  prog=0.0136  end=0.0081  end_acc=0.997  end_rec=0.912
[SplineFSQAE]  150/1000  train=0.0311  val=0.2370  delta=0.0108  prog=0.0129  end=0.0075  end_acc=0.997  end_rec=0.922
[SplineFSQAE]  160/1000  train=0.0301  val=0.2363  delta=0.0107  prog=0.0123  end=0.0070  end_acc=0.997  end_rec=0.920
[SplineFSQAE]  170/1000  train=0.0280  val=0.2445  delta=0.0099  prog=0.0118  end=0.0063  end_acc=0.998  end_rec=0.935
[SplineFSQAE]  180/1000  train=0.0275  val=0.2535  delta=0.0101  prog=0.0114  end=0.0060  end_acc=0.998  end_rec=0.936
[SplineFSQAE]  190/1000  train=0.0256  val=0.2446  delta=0.0093  prog=0.0107  end=0.0056  end_acc=0.998  end_rec=0.943
[SplineFSQAE]  200/1000  train=0.0242  val=0.2389  delta=0.0087  prog=0.0102  end=0.0053  end_acc=0.998  end_rec=0.945
[SplineFSQAE]  210/1000  train=0.0232  val=0.2511  delta=0.0086  prog=0.0097  end=0.0049  end_acc=0.998  end_rec=0.950
[SplineFSQAE]  220/1000  train=0.0229  val=0.2485  delta=0.0089  prog=0.0093  end=0.0047  end_acc=0.998  end_rec=0.951
[SplineFSQAE]  230/1000  train=0.0228  val=0.2406  delta=0.0088  prog=0.0093  end=0.0048  end_acc=0.998  end_rec=0.953
[SplineFSQAE]  240/1000  train=0.0208  val=0.2495  delta=0.0078  prog=0.0087  end=0.0043  end_acc=0.998  end_rec=0.957
[SplineFSQAE]  250/1000  train=0.0209  val=0.2521  delta=0.0085  prog=0.0084  end=0.0041  end_acc=0.998  end_rec=0.956
[SplineFSQAE]  260/1000  train=0.0192  val=0.2460  delta=0.0074  prog=0.0081  end=0.0037  end_acc=0.999  end_rec=0.964
[SplineFSQAE]  270/1000  train=0.0199  val=0.2532  delta=0.0084  prog=0.0078  end=0.0038  end_acc=0.999  end_rec=0.961
[SplineFSQAE]  280/1000  train=0.0187  val=0.2583  delta=0.0076  prog=0.0075  end=0.0036  end_acc=0.999  end_rec=0.964
[SplineFSQAE]  290/1000  train=0.0185  val=0.2493  delta=0.0074  prog=0.0074  end=0.0037  end_acc=0.999  end_rec=0.963
[SplineFSQAE]  300/1000  train=0.0179  val=0.2520  delta=0.0072  prog=0.0071  end=0.0035  end_acc=0.999  end_rec=0.965
[SplineFSQAE]  310/1000  train=0.0163  val=0.2658  delta=0.0067  prog=0.0067  end=0.0030  end_acc=0.999  end_rec=0.968
[SplineFSQAE]  320/1000  train=0.0166  val=0.2597  delta=0.0066  prog=0.0068  end=0.0032  end_acc=0.999  end_rec=0.969
[SplineFSQAE]  330/1000  train=0.0155  val=0.2658  delta=0.0066  prog=0.0062  end=0.0027  end_acc=0.999  end_rec=0.972
[SplineFSQAE]  340/1000  train=0.0157  val=0.2649  delta=0.0069  prog=0.0061  end=0.0026  end_acc=0.999  end_rec=0.974
[SplineFSQAE]  350/1000  train=0.0146  val=0.2694  delta=0.0062  prog=0.0059  end=0.0026  end_acc=0.999  end_rec=0.975
[SplineFSQAE]  360/1000  train=0.0145  val=0.2720  delta=0.0062  prog=0.0058  end=0.0025  end_acc=0.999  end_rec=0.977
[SplineFSQAE]  370/1000  train=0.0137  val=0.2701  delta=0.0060  prog=0.0055  end=0.0022  end_acc=0.999  end_rec=0.978
[SplineFSQAE]  380/1000  train=0.0139  val=0.2573  delta=0.0059  prog=0.0055  end=0.0025  end_acc=0.999  end_rec=0.976
[SplineFSQAE]  390/1000  train=0.0135  val=0.2643  delta=0.0058  prog=0.0053  end=0.0023  end_acc=0.999  end_rec=0.978
[SplineFSQAE]  400/1000  train=0.0131  val=0.2758  delta=0.0058  prog=0.0051  end=0.0022  end_acc=0.999  end_rec=0.979
[SplineFSQAE]  410/1000  train=0.0129  val=0.2659  delta=0.0057  prog=0.0050  end=0.0022  end_acc=0.999  end_rec=0.978
[SplineFSQAE]  420/1000  train=0.0122  val=0.2821  delta=0.0055  prog=0.0048  end=0.0019  end_acc=0.999  end_rec=0.981
[SplineFSQAE]  430/1000  train=0.0118  val=0.2886  delta=0.0055  prog=0.0046  end=0.0018  end_acc=0.999  end_rec=0.982
[SplineFSQAE]  440/1000  train=0.0116  val=0.2809  delta=0.0054  prog=0.0044  end=0.0017  end_acc=0.999  end_rec=0.983
[SplineFSQAE]  450/1000  train=0.0116  val=0.2669  delta=0.0052  prog=0.0045  end=0.0019  end_acc=0.999  end_rec=0.981
[SplineFSQAE]  460/1000  train=0.0111  val=0.2889  delta=0.0052  prog=0.0044  end=0.0015  end_acc=0.999  end_rec=0.984
[SplineFSQAE]  470/1000  train=0.0107  val=0.2779  delta=0.0051  prog=0.0040  end=0.0015  end_acc=0.999  end_rec=0.984
[SplineFSQAE]  480/1000  train=0.0108  val=0.2792  delta=0.0050  prog=0.0041  end=0.0017  end_acc=0.999  end_rec=0.983
[SplineFSQAE]  490/1000  train=0.0104  val=0.2825  delta=0.0049  prog=0.0039  end=0.0016  end_acc=0.999  end_rec=0.985
[SplineFSQAE]  500/1000  train=0.0102  val=0.2752  delta=0.0049  prog=0.0038  end=0.0015  end_acc=0.999  end_rec=0.986
[SplineFSQAE]  510/1000  train=0.0097  val=0.2851  delta=0.0047  prog=0.0037  end=0.0013  end_acc=1.000  end_rec=0.987
[SplineFSQAE]  520/1000  train=0.0092  val=0.2934  delta=0.0047  prog=0.0034  end=0.0011  end_acc=1.000  end_rec=0.989
[SplineFSQAE]  530/1000  train=0.0094  val=0.2833  delta=0.0046  prog=0.0035  end=0.0012  end_acc=1.000  end_rec=0.988
[SplineFSQAE]  540/1000  train=0.0092  val=0.2850  delta=0.0046  prog=0.0034  end=0.0012  end_acc=1.000  end_rec=0.988
