START FSQ TRAIN
Node       : node01
Inputs     : /data2/dohyeon/SBD/libero_original_dataset/FSQ_dataset/libero_90_full_full/FSQ_inputs
Output     : /data2/dohyeon/SBD/outputs_FSQ/libero_90_full_full_fsq865_pg8_image256
Sun Jun  7 18:56:50 2026       
+---------------------------------------------------------------------------------------+
| NVIDIA-SMI 535.129.03             Driver Version: 535.129.03   CUDA Version: 12.2     |
|-----------------------------------------+----------------------+----------------------+
| GPU  Name                 Persistence-M | Bus-Id        Disp.A | Volatile Uncorr. ECC |
| Fan  Temp   Perf          Pwr:Usage/Cap |         Memory-Usage | GPU-Util  Compute M. |
|                                         |                      |               MIG M. |
|=========================================+======================+======================|
|   0  NVIDIA L40S                    On  | 00000000:E1:00.0 Off |                    0 |
| N/A   39C    P0              91W / 350W |      3MiB / 46068MiB |     16%      Default |
|                                         |                      |                  N/A |
+-----------------------------------------+----------------------+----------------------+
                                                                                         
+---------------------------------------------------------------------------------------+
| Processes:                                                                            |
|  GPU   GI   CI        PID   Type   Process name                            GPU Memory |
|        ID   ID                                                             Usage      |
|=======================================================================================|
|  No running processes found                                                           |
+---------------------------------------------------------------------------------------+
No checkpoint found, training from scratch
[FSQ] Loaded 12995 skills from /data2/dohyeon/SBD/libero_original_dataset/FSQ_dataset/libero_90_full_full/FSQ_inputs/skillset/skills
[FSQ] Skill lengths — min:27 max:132 mean:51.4
[FSQ] Loaded DINO tokens from /data2/dohyeon/SBD/libero_original_dataset/FSQ_dataset/libero_90_full_full/FSQ_inputs/dino_tokens_pg8.npz — shape per clip: (30, 65, 384)
[FSQ] Loaded DINO tokens from /data2/dohyeon/SBD/libero_original_dataset/FSQ_dataset/libero_90_full_full/FSQ_inputs/dino_tokens_wrist_pg8.npz — shape per clip: (30, 65, 384)
[FSQ] action_min: [-0.4941 -0.392   0.4453 -0.716  -4.3609 -3.1193 -1.    ]
[FSQ] action_max: [0.2033 0.5048 1.3516 4.8438 4.115  2.5568 1.    ]
[FSQ] delta_min:  [-0.9375 -0.9375 -0.9375 -0.3396 -0.375  -0.375  -1.    ]
[FSQ] delta_max:  [0.9375 0.9375 0.9375 0.375  0.375  0.375  1.    ]
[SplineFSQAE] 12995 segments | n_control=30 fsq=[8, 6, 5] hidden=256 K=10
[SplineFSQAE] trainable params: 9,192,267
[SplineFSQAE]    1/1000  train=0.1933  val=0.1554  delta=0.0601  prog=0.0375  end=0.0958  end_acc=0.975  end_rec=0.005
[SplineFSQAE]   10/1000  train=0.0927  val=0.0902  delta=0.0218  prog=0.0126  end=0.0584  end_acc=0.982  end_rec=0.126
[SplineFSQAE]   20/1000  train=0.0721  val=0.0813  delta=0.0174  prog=0.0090  end=0.0457  end_acc=0.985  end_rec=0.294
[SplineFSQAE]   30/1000  train=0.0613  val=0.0832  delta=0.0155  prog=0.0077  end=0.0381  end_acc=0.986  end_rec=0.403
[SplineFSQAE]   40/1000  train=0.0511  val=0.0879  delta=0.0140  prog=0.0070  end=0.0301  end_acc=0.989  end_rec=0.555
[SplineFSQAE]   50/1000  train=0.0419  val=0.0976  delta=0.0127  prog=0.0063  end=0.0229  end_acc=0.991  end_rec=0.686
[SplineFSQAE]   60/1000  train=0.0360  val=0.1051  delta=0.0118  prog=0.0060  end=0.0183  end_acc=0.993  end_rec=0.763
[SplineFSQAE]   70/1000  train=0.0313  val=0.1137  delta=0.0110  prog=0.0055  end=0.0147  end_acc=0.994  end_rec=0.820
[SplineFSQAE]   80/1000  train=0.0281  val=0.1204  delta=0.0103  prog=0.0053  end=0.0125  end_acc=0.995  end_rec=0.851
[SplineFSQAE]   90/1000  train=0.0255  val=0.1157  delta=0.0097  prog=0.0051  end=0.0107  end_acc=0.996  end_rec=0.878
[SplineFSQAE]  100/1000  train=0.0236  val=0.1239  delta=0.0093  prog=0.0049  end=0.0093  end_acc=0.997  end_rec=0.897
[SplineFSQAE]  110/1000  train=0.0213  val=0.1282  delta=0.0087  prog=0.0046  end=0.0080  end_acc=0.997  end_rec=0.912
[SplineFSQAE]  120/1000  train=0.0205  val=0.1357  delta=0.0086  prog=0.0046  end=0.0073  end_acc=0.997  end_rec=0.925
[SplineFSQAE]  130/1000  train=0.0191  val=0.1314  delta=0.0081  prog=0.0042  end=0.0067  end_acc=0.997  end_rec=0.928
[SplineFSQAE]  140/1000  train=0.0188  val=0.1338  delta=0.0082  prog=0.0042  end=0.0064  end_acc=0.998  end_rec=0.931
[SplineFSQAE]  150/1000  train=0.0176  val=0.1377  delta=0.0076  prog=0.0041  end=0.0059  end_acc=0.998  end_rec=0.939
[SplineFSQAE]  160/1000  train=0.0169  val=0.1339  delta=0.0074  prog=0.0040  end=0.0056  end_acc=0.998  end_rec=0.943
[SplineFSQAE]  170/1000  train=0.0160  val=0.1441  delta=0.0071  prog=0.0037  end=0.0052  end_acc=0.998  end_rec=0.945
[SplineFSQAE]  180/1000  train=0.0154  val=0.1424  delta=0.0068  prog=0.0036  end=0.0049  end_acc=0.998  end_rec=0.948
[SplineFSQAE]  190/1000  train=0.0149  val=0.1368  delta=0.0068  prog=0.0035  end=0.0046  end_acc=0.998  end_rec=0.953
[SplineFSQAE]  200/1000  train=0.0141  val=0.1532  delta=0.0065  prog=0.0035  end=0.0042  end_acc=0.998  end_rec=0.955
[SplineFSQAE]  210/1000  train=0.0136  val=0.1570  delta=0.0064  prog=0.0034  end=0.0038  end_acc=0.999  end_rec=0.962
[SplineFSQAE]  220/1000  train=0.0136  val=0.1544  delta=0.0062  prog=0.0034  end=0.0040  end_acc=0.999  end_rec=0.962
[SplineFSQAE]  230/1000  train=0.0136  val=0.1466  delta=0.0062  prog=0.0034  end=0.0040  end_acc=0.999  end_rec=0.961
[SplineFSQAE]  240/1000  train=0.0126  val=0.1510  delta=0.0058  prog=0.0032  end=0.0036  end_acc=0.999  end_rec=0.964
[SplineFSQAE]  250/1000  train=0.0122  val=0.1540  delta=0.0058  prog=0.0031  end=0.0034  end_acc=0.999  end_rec=0.966
[SplineFSQAE]  260/1000  train=0.0117  val=0.1610  delta=0.0056  prog=0.0029  end=0.0031  end_acc=0.999  end_rec=0.969
[SplineFSQAE]  270/1000  train=0.0121  val=0.1572  delta=0.0056  prog=0.0031  end=0.0034  end_acc=0.999  end_rec=0.967
[SplineFSQAE]  280/1000  train=0.0112  val=0.1587  delta=0.0055  prog=0.0028  end=0.0028  end_acc=0.999  end_rec=0.972
[SplineFSQAE]  290/1000  train=0.0108  val=0.1527  delta=0.0053  prog=0.0028  end=0.0027  end_acc=0.999  end_rec=0.974
[SplineFSQAE]  300/1000  train=0.0105  val=0.1609  delta=0.0053  prog=0.0027  end=0.0026  end_acc=0.999  end_rec=0.973
[SplineFSQAE]  310/1000  train=0.0108  val=0.1743  delta=0.0051  prog=0.0028  end=0.0028  end_acc=0.999  end_rec=0.970
[SplineFSQAE]  320/1000  train=0.0102  val=0.1682  delta=0.0051  prog=0.0027  end=0.0023  end_acc=0.999  end_rec=0.976
[SplineFSQAE]  330/1000  train=0.0098  val=0.1599  delta=0.0049  prog=0.0025  end=0.0023  end_acc=0.999  end_rec=0.978
[SplineFSQAE]  340/1000  train=0.0098  val=0.1612  delta=0.0049  prog=0.0025  end=0.0023  end_acc=0.999  end_rec=0.978
[SplineFSQAE]  350/1000  train=0.0097  val=0.1604  delta=0.0048  prog=0.0025  end=0.0023  end_acc=0.999  end_rec=0.978
[SplineFSQAE]  360/1000  train=0.0091  val=0.1667  delta=0.0047  prog=0.0024  end=0.0020  end_acc=0.999  end_rec=0.981
[SplineFSQAE]  370/1000  train=0.0085  val=0.1724  delta=0.0046  prog=0.0023  end=0.0016  end_acc=0.999  end_rec=0.983
[SplineFSQAE]  380/1000  train=0.0087  val=0.1708  delta=0.0046  prog=0.0023  end=0.0018  end_acc=0.999  end_rec=0.982
[SplineFSQAE]  390/1000  train=0.0085  val=0.1777  delta=0.0045  prog=0.0023  end=0.0018  end_acc=0.999  end_rec=0.982
[SplineFSQAE]  400/1000  train=0.0083  val=0.1738  delta=0.0045  prog=0.0022  end=0.0016  end_acc=0.999  end_rec=0.985
[SplineFSQAE]  410/1000  train=0.0082  val=0.1698  delta=0.0044  prog=0.0022  end=0.0016  end_acc=0.999  end_rec=0.983
[SplineFSQAE]  420/1000  train=0.0078  val=0.1661  delta=0.0043  prog=0.0021  end=0.0014  end_acc=0.999  end_rec=0.987
[SplineFSQAE]  430/1000  train=0.0080  val=0.1718  delta=0.0043  prog=0.0022  end=0.0015  end_acc=0.999  end_rec=0.984
[SplineFSQAE]  440/1000  train=0.0075  val=0.1731  delta=0.0042  prog=0.0020  end=0.0014  end_acc=0.999  end_rec=0.986
[SplineFSQAE]  450/1000  train=0.0075  val=0.1722  delta=0.0041  prog=0.0020  end=0.0014  end_acc=1.000  end_rec=0.987
[SplineFSQAE]  460/1000  train=0.0071  val=0.1740  delta=0.0041  prog=0.0019  end=0.0011  end_acc=1.000  end_rec=0.990
[SplineFSQAE]  470/1000  train=0.0073  val=0.1610  delta=0.0040  prog=0.0019  end=0.0014  end_acc=0.999  end_rec=0.987
[SplineFSQAE]  480/1000  train=0.0070  val=0.1709  delta=0.0039  prog=0.0019  end=0.0012  end_acc=1.000  end_rec=0.989
[SplineFSQAE]  490/1000  train=0.0071  val=0.1803  delta=0.0040  prog=0.0020  end=0.0011  end_acc=1.000  end_rec=0.988
[SplineFSQAE]  500/1000  train=0.0071  val=0.1718  delta=0.0039  prog=0.0019  end=0.0013  end_acc=1.000  end_rec=0.987
[SplineFSQAE]  510/1000  train=0.0065  val=0.1793  delta=0.0038  prog=0.0017  end=0.0010  end_acc=1.000  end_rec=0.990
[SplineFSQAE]  520/1000  train=0.0066  val=0.1747  delta=0.0038  prog=0.0017  end=0.0011  end_acc=1.000  end_rec=0.990
[SplineFSQAE]  530/1000  train=0.0066  val=0.1896  delta=0.0037  prog=0.0018  end=0.0010  end_acc=1.000  end_rec=0.990
[SplineFSQAE]  540/1000  train=0.0065  val=0.1879  delta=0.0037  prog=0.0017  end=0.0011  end_acc=1.000  end_rec=0.989
[SplineFSQAE]  550/1000  train=0.0062  val=0.1926  delta=0.0036  prog=0.0017  end=0.0009  end_acc=1.000  end_rec=0.992
[SplineFSQAE]  560/1000  train=0.0061  val=0.1765  delta=0.0036  prog=0.0017  end=0.0009  end_acc=1.000  end_rec=0.992
[SplineFSQAE]  570/1000  train=0.0060  val=0.1825  delta=0.0036  prog=0.0017  end=0.0008  end_acc=1.000  end_rec=0.992
[SplineFSQAE]  580/1000  train=0.0058  val=0.1809  delta=0.0035  prog=0.0015  end=0.0008  end_acc=1.000  end_rec=0.992
[SplineFSQAE]  590/1000  train=0.0057  val=0.1876  delta=0.0035  prog=0.0015  end=0.0007  end_acc=1.000  end_rec=0.992
[SplineFSQAE]  600/1000  train=0.0055  val=0.1929  delta=0.0034  prog=0.0015  end=0.0006  end_acc=1.000  end_rec=0.994
[SplineFSQAE]  610/1000  train=0.0055  val=0.1996  delta=0.0034  prog=0.0015  end=0.0006  end_acc=1.000  end_rec=0.994
[SplineFSQAE]  620/1000  train=0.0056  val=0.1889  delta=0.0034  prog=0.0015  end=0.0007  end_acc=1.000  end_rec=0.994
[SplineFSQAE]  630/1000  train=0.0056  val=0.1854  delta=0.0034  prog=0.0014  end=0.0008  end_acc=1.000  end_rec=0.993
[SplineFSQAE]  640/1000  train=0.0051  val=0.2001  delta=0.0033  prog=0.0014  end=0.0005  end_acc=1.000  end_rec=0.995
[SplineFSQAE]  650/1000  train=0.0051  val=0.1994  delta=0.0033  prog=0.0013  end=0.0005  end_acc=1.000  end_rec=0.995
[SplineFSQAE]  660/1000  train=0.0049  val=0.2046  delta=0.0032  prog=0.0013  end=0.0004  end_acc=1.000  end_rec=0.996
[SplineFSQAE]  670/1000  train=0.0049  val=0.2183  delta=0.0032  prog=0.0013  end=0.0004  end_acc=1.000  end_rec=0.995
[SplineFSQAE]  680/1000  train=0.0048  val=0.2094  delta=0.0032  prog=0.0012  end=0.0004  end_acc=1.000  end_rec=0.995
[SplineFSQAE]  690/1000  train=0.0048  val=0.2063  delta=0.0031  prog=0.0012  end=0.0004  end_acc=1.000  end_rec=0.996
[SplineFSQAE]  700/1000  train=0.0049  val=0.2001  delta=0.0031  prog=0.0013  end=0.0005  end_acc=1.000  end_rec=0.995
