START FSQ TRAIN
Node       : node100
Inputs     : /data2/dohyeon/SBD/libero_dataset/FSQ_dataset/libero_90/FSQ_inputs
Output     : /data2/dohyeon/SBD/FSQ_outputs/libero_90_fsq555_pg8_dino_only_image128
Sun May 31 03:53:57 2026       
+---------------------------------------------------------------------------------------+
| NVIDIA-SMI 535.129.03             Driver Version: 535.129.03   CUDA Version: 12.2     |
|-----------------------------------------+----------------------+----------------------+
| GPU  Name                 Persistence-M | Bus-Id        Disp.A | Volatile Uncorr. ECC |
| Fan  Temp   Perf          Pwr:Usage/Cap |         Memory-Usage | GPU-Util  Compute M. |
|                                         |                      |               MIG M. |
|=========================================+======================+======================|
|   0  NVIDIA L40S                    On  | 00000000:41:00.0 Off |                    0 |
| N/A   37C    P8              34W / 350W |      3MiB / 46068MiB |      0%      Default |
|                                         |                      |                  N/A |
+-----------------------------------------+----------------------+----------------------+
                                                                                         
+---------------------------------------------------------------------------------------+
| Processes:                                                                            |
|  GPU   GI   CI        PID   Type   Process name                            GPU Memory |
|        ID   ID                                                             Usage      |
|=======================================================================================|
|  No running processes found                                                           |
+---------------------------------------------------------------------------------------+
No checkpoint found, training from scratch
[FSQ] Loaded 11178 skills from /data2/dohyeon/SBD/libero_dataset/FSQ_dataset/libero_90/FSQ_inputs/skillset/skills
[FSQ] Skill lengths — min:27 max:141 mean:50.7
[FSQ] Loaded DINO tokens from /data2/dohyeon/SBD/libero_dataset/FSQ_dataset/libero_90/FSQ_inputs/dino_tokens_pg8.npz — shape per clip: (51, 65, 384)
[FSQ] action_min: [-0.4862 -0.3971  0.4455 -0.7481 -4.3631 -3.2124 -1.    ]
[FSQ] action_max: [0.2027 0.4881 1.3585 4.8434 4.0424 2.4015 1.    ]
[FSQ] delta_min:  [-0.9375 -0.9375 -0.9375 -0.3257 -0.375  -0.375  -1.    ]
[FSQ] delta_max:  [0.9375 0.9375 0.9375 0.375  0.375  0.375  1.    ]
[SplineFSQAE] 11178 segments | n_control=30 fsq=[5, 5, 5] hidden=256 K=10
[SplineFSQAE] trainable params: 6,371,147
[SplineFSQAE]    1/1000  train=0.7167  val=0.5284  delta=0.0588  prog=0.0371  end=0.0913  end_acc=0.980  end_rec=0.000
[SplineFSQAE]   10/1000  train=0.3056  val=0.2878  delta=0.0218  prog=0.0216  end=0.0663  end_acc=0.983  end_rec=0.163
[SplineFSQAE]   20/1000  train=0.2200  val=0.2083  delta=0.0150  prog=0.0132  end=0.0571  end_acc=0.984  end_rec=0.201
[SplineFSQAE]   30/1000  train=0.1948  val=0.1914  delta=0.0131  prog=0.0105  end=0.0530  end_acc=0.984  end_rec=0.204
[SplineFSQAE]   40/1000  train=0.1806  val=0.1835  delta=0.0121  prog=0.0092  end=0.0505  end_acc=0.984  end_rec=0.210
[SplineFSQAE]   50/1000  train=0.1720  val=0.1818  delta=0.0115  prog=0.0086  end=0.0483  end_acc=0.984  end_rec=0.223
[SplineFSQAE]   60/1000  train=0.1645  val=0.1812  delta=0.0110  prog=0.0081  end=0.0462  end_acc=0.984  end_rec=0.238
[SplineFSQAE]   70/1000  train=0.1562  val=0.1768  delta=0.0105  prog=0.0077  end=0.0435  end_acc=0.984  end_rec=0.269
[SplineFSQAE]   80/1000  train=0.1523  val=0.1849  delta=0.0103  prog=0.0077  end=0.0414  end_acc=0.985  end_rec=0.301
[SplineFSQAE]   90/1000  train=0.1426  val=0.1836  delta=0.0098  prog=0.0072  end=0.0375  end_acc=0.985  end_rec=0.368
[SplineFSQAE]  100/1000  train=0.1378  val=0.1876  delta=0.0096  prog=0.0070  end=0.0350  end_acc=0.986  end_rec=0.417
[SplineFSQAE]  110/1000  train=0.1320  val=0.1924  delta=0.0093  prog=0.0069  end=0.0323  end_acc=0.987  end_rec=0.480
[SplineFSQAE]  120/1000  train=0.1279  val=0.1917  delta=0.0091  prog=0.0068  end=0.0297  end_acc=0.988  end_rec=0.535
[SplineFSQAE]  130/1000  train=0.1235  val=0.2011  delta=0.0089  prog=0.0067  end=0.0276  end_acc=0.989  end_rec=0.582
[SplineFSQAE]  140/1000  train=0.1198  val=0.1978  delta=0.0087  prog=0.0068  end=0.0256  end_acc=0.990  end_rec=0.623
[SplineFSQAE]  150/1000  train=0.1149  val=0.1992  delta=0.0085  prog=0.0065  end=0.0234  end_acc=0.990  end_rec=0.667
[SplineFSQAE]  160/1000  train=0.1102  val=0.2043  delta=0.0083  prog=0.0062  end=0.0207  end_acc=0.991  end_rec=0.715
[SplineFSQAE]  170/1000  train=0.1085  val=0.2129  delta=0.0083  prog=0.0063  end=0.0197  end_acc=0.992  end_rec=0.733
[SplineFSQAE]  180/1000  train=0.1051  val=0.2138  delta=0.0081  prog=0.0062  end=0.0176  end_acc=0.993  end_rec=0.772
[SplineFSQAE]  190/1000  train=0.1011  val=0.2156  delta=0.0079  prog=0.0060  end=0.0165  end_acc=0.993  end_rec=0.790
[SplineFSQAE]  200/1000  train=0.0999  val=0.2172  delta=0.0078  prog=0.0060  end=0.0159  end_acc=0.994  end_rec=0.800
[SplineFSQAE]  210/1000  train=0.0967  val=0.2267  delta=0.0076  prog=0.0058  end=0.0144  end_acc=0.994  end_rec=0.822
[SplineFSQAE]  220/1000  train=0.0946  val=0.2253  delta=0.0075  prog=0.0059  end=0.0135  end_acc=0.995  end_rec=0.838
[SplineFSQAE]  230/1000  train=0.0914  val=0.2331  delta=0.0073  prog=0.0057  end=0.0126  end_acc=0.995  end_rec=0.849
[SplineFSQAE]  240/1000  train=0.0906  val=0.2306  delta=0.0073  prog=0.0057  end=0.0124  end_acc=0.995  end_rec=0.853
[SplineFSQAE]  250/1000  train=0.0886  val=0.2369  delta=0.0072  prog=0.0056  end=0.0112  end_acc=0.996  end_rec=0.869
[SplineFSQAE]  260/1000  train=0.0882  val=0.2349  delta=0.0071  prog=0.0056  end=0.0113  end_acc=0.996  end_rec=0.868
[SplineFSQAE]  270/1000  train=0.0852  val=0.2378  delta=0.0070  prog=0.0054  end=0.0100  end_acc=0.996  end_rec=0.888
[SplineFSQAE]  280/1000  train=0.0844  val=0.2383  delta=0.0069  prog=0.0054  end=0.0097  end_acc=0.996  end_rec=0.891
[SplineFSQAE]  290/1000  train=0.0833  val=0.2397  delta=0.0068  prog=0.0054  end=0.0095  end_acc=0.996  end_rec=0.891
[SplineFSQAE]  300/1000  train=0.0813  val=0.2490  delta=0.0067  prog=0.0053  end=0.0089  end_acc=0.997  end_rec=0.899
[SplineFSQAE]  310/1000  train=0.0799  val=0.2447  delta=0.0066  prog=0.0052  end=0.0083  end_acc=0.997  end_rec=0.905
[SplineFSQAE]  320/1000  train=0.0797  val=0.2508  delta=0.0066  prog=0.0052  end=0.0083  end_acc=0.997  end_rec=0.908
[SplineFSQAE]  330/1000  train=0.0776  val=0.2541  delta=0.0065  prog=0.0051  end=0.0078  end_acc=0.997  end_rec=0.911
[SplineFSQAE]  340/1000  train=0.0768  val=0.2482  delta=0.0064  prog=0.0050  end=0.0075  end_acc=0.997  end_rec=0.917
[SplineFSQAE]  350/1000  train=0.0753  val=0.2540  delta=0.0063  prog=0.0050  end=0.0069  end_acc=0.997  end_rec=0.926
[SplineFSQAE]  360/1000  train=0.0743  val=0.2547  delta=0.0063  prog=0.0049  end=0.0068  end_acc=0.997  end_rec=0.927
[SplineFSQAE]  370/1000  train=0.0740  val=0.2568  delta=0.0062  prog=0.0049  end=0.0068  end_acc=0.997  end_rec=0.926
[SplineFSQAE]  380/1000  train=0.0733  val=0.2525  delta=0.0062  prog=0.0048  end=0.0065  end_acc=0.998  end_rec=0.929
[SplineFSQAE]  390/1000  train=0.0722  val=0.2633  delta=0.0061  prog=0.0047  end=0.0063  end_acc=0.998  end_rec=0.934
[SplineFSQAE]  400/1000  train=0.0711  val=0.2638  delta=0.0061  prog=0.0047  end=0.0058  end_acc=0.998  end_rec=0.936
[SplineFSQAE]  410/1000  train=0.0705  val=0.2677  delta=0.0060  prog=0.0045  end=0.0057  end_acc=0.998  end_rec=0.938
[SplineFSQAE]  420/1000  train=0.0695  val=0.2707  delta=0.0060  prog=0.0045  end=0.0052  end_acc=0.998  end_rec=0.946
[SplineFSQAE]  430/1000  train=0.0690  val=0.2665  delta=0.0059  prog=0.0045  end=0.0054  end_acc=0.998  end_rec=0.942
[SplineFSQAE]  440/1000  train=0.0685  val=0.2667  delta=0.0059  prog=0.0045  end=0.0051  end_acc=0.998  end_rec=0.947
[SplineFSQAE]  450/1000  train=0.0678  val=0.2726  delta=0.0059  prog=0.0044  end=0.0048  end_acc=0.998  end_rec=0.948
[SplineFSQAE]  460/1000  train=0.0667  val=0.2698  delta=0.0058  prog=0.0044  end=0.0047  end_acc=0.998  end_rec=0.952
[SplineFSQAE]  470/1000  train=0.0664  val=0.2687  delta=0.0057  prog=0.0044  end=0.0045  end_acc=0.998  end_rec=0.954
[SplineFSQAE]  480/1000  train=0.0654  val=0.2732  delta=0.0057  prog=0.0043  end=0.0042  end_acc=0.998  end_rec=0.956
[SplineFSQAE]  490/1000  train=0.0647  val=0.2780  delta=0.0056  prog=0.0042  end=0.0042  end_acc=0.998  end_rec=0.954
[SplineFSQAE]  500/1000  train=0.0641  val=0.2855  delta=0.0056  prog=0.0041  end=0.0039  end_acc=0.999  end_rec=0.958
[SplineFSQAE]  510/1000  train=0.0634  val=0.2803  delta=0.0055  prog=0.0041  end=0.0039  end_acc=0.999  end_rec=0.959
[SplineFSQAE]  520/1000  train=0.0630  val=0.2824  delta=0.0055  prog=0.0041  end=0.0036  end_acc=0.999  end_rec=0.961
[SplineFSQAE]  530/1000  train=0.0624  val=0.2851  delta=0.0055  prog=0.0040  end=0.0036  end_acc=0.999  end_rec=0.961
[SplineFSQAE]  540/1000  train=0.0617  val=0.2818  delta=0.0055  prog=0.0039  end=0.0033  end_acc=0.999  end_rec=0.966
[SplineFSQAE]  550/1000  train=0.0618  val=0.2851  delta=0.0054  prog=0.0039  end=0.0035  end_acc=0.999  end_rec=0.964
[SplineFSQAE]  560/1000  train=0.0606  val=0.2933  delta=0.0054  prog=0.0038  end=0.0030  end_acc=0.999  end_rec=0.969
[SplineFSQAE]  570/1000  train=0.0609  val=0.2871  delta=0.0054  prog=0.0039  end=0.0032  end_acc=0.999  end_rec=0.967
[SplineFSQAE]  580/1000  train=0.0605  val=0.2927  delta=0.0053  prog=0.0038  end=0.0032  end_acc=0.999  end_rec=0.968
[SplineFSQAE]  590/1000  train=0.0595  val=0.3005  delta=0.0053  prog=0.0038  end=0.0027  end_acc=0.999  end_rec=0.971
[SplineFSQAE]  600/1000  train=0.0590  val=0.3071  delta=0.0053  prog=0.0037  end=0.0026  end_acc=0.999  end_rec=0.972
[SplineFSQAE]  610/1000  train=0.0589  val=0.3011  delta=0.0053  prog=0.0037  end=0.0025  end_acc=0.999  end_rec=0.971
[SplineFSQAE]  620/1000  train=0.0579  val=0.2983  delta=0.0052  prog=0.0036  end=0.0023  end_acc=0.999  end_rec=0.976
[SplineFSQAE]  630/1000  train=0.0578  val=0.2998  delta=0.0052  prog=0.0036  end=0.0025  end_acc=0.999  end_rec=0.973
[SplineFSQAE]  640/1000  train=0.0574  val=0.3088  delta=0.0051  prog=0.0036  end=0.0023  end_acc=0.999  end_rec=0.975
[SplineFSQAE]  650/1000  train=0.0574  val=0.3083  delta=0.0052  prog=0.0036  end=0.0022  end_acc=0.999  end_rec=0.977
[SplineFSQAE]  660/1000  train=0.0568  val=0.3090  delta=0.0051  prog=0.0035  end=0.0020  end_acc=0.999  end_rec=0.980
[SplineFSQAE]  670/1000  train=0.0567  val=0.3067  delta=0.0051  prog=0.0035  end=0.0022  end_acc=0.999  end_rec=0.977
[SplineFSQAE]  680/1000  train=0.0560  val=0.3104  delta=0.0051  prog=0.0035  end=0.0018  end_acc=0.999  end_rec=0.982
[SplineFSQAE]  690/1000  train=0.0559  val=0.3197  delta=0.0051  prog=0.0034  end=0.0018  end_acc=0.999  end_rec=0.982
[SplineFSQAE]  700/1000  train=0.0555  val=0.3171  delta=0.0050  prog=0.0034  end=0.0017  end_acc=0.999  end_rec=0.982
[SplineFSQAE]  710/1000  train=0.0553  val=0.3216  delta=0.0050  prog=0.0033  end=0.0016  end_acc=0.999  end_rec=0.983
[SplineFSQAE]  720/1000  train=0.0550  val=0.3229  delta=0.0050  prog=0.0034  end=0.0016  end_acc=0.999  end_rec=0.985
[SplineFSQAE]  730/1000  train=0.0546  val=0.3238  delta=0.0050  prog=0.0033  end=0.0015  end_acc=0.999  end_rec=0.984
[SplineFSQAE]  740/1000  train=0.0546  val=0.3260  delta=0.0050  prog=0.0033  end=0.0015  end_acc=0.999  end_rec=0.985
[SplineFSQAE]  750/1000  train=0.0541  val=0.3284  delta=0.0049  prog=0.0032  end=0.0014  end_acc=0.999  end_rec=0.985
[SplineFSQAE]  760/1000  train=0.0540  val=0.3276  delta=0.0049  prog=0.0032  end=0.0014  end_acc=0.999  end_rec=0.985
[SplineFSQAE]  770/1000  train=0.0538  val=0.3310  delta=0.0049  prog=0.0032  end=0.0013  end_acc=0.999  end_rec=0.986
[SplineFSQAE]  780/1000  train=0.0536  val=0.3325  delta=0.0049  prog=0.0032  end=0.0013  end_acc=0.999  end_rec=0.986
[SplineFSQAE]  790/1000  train=0.0533  val=0.3397  delta=0.0049  prog=0.0031  end=0.0011  end_acc=1.000  end_rec=0.989
[SplineFSQAE]  800/1000  train=0.0532  val=0.3451  delta=0.0049  prog=0.0032  end=0.0011  end_acc=1.000  end_rec=0.988
[SplineFSQAE]  810/1000  train=0.0530  val=0.3463  delta=0.0049  prog=0.0031  end=0.0012  end_acc=1.000  end_rec=0.988
[SplineFSQAE]  820/1000  train=0.0527  val=0.3448  delta=0.0048  prog=0.0031  end=0.0011  end_acc=1.000  end_rec=0.988
[SplineFSQAE]  830/1000  train=0.0528  val=0.3459  delta=0.0049  prog=0.0031  end=0.0010  end_acc=1.000  end_rec=0.988
[SplineFSQAE]  840/1000  train=0.0525  val=0.3494  delta=0.0048  prog=0.0031  end=0.0010  end_acc=1.000  end_rec=0.990
[SplineFSQAE]  850/1000  train=0.0524  val=0.3511  delta=0.0048  prog=0.0031  end=0.0010  end_acc=1.000  end_rec=0.989
[SplineFSQAE]  860/1000  train=0.0521  val=0.3524  delta=0.0048  prog=0.0031  end=0.0009  end_acc=1.000  end_rec=0.990
[SplineFSQAE]  870/1000  train=0.0522  val=0.3505  delta=0.0048  prog=0.0030  end=0.0010  end_acc=1.000  end_rec=0.989
[SplineFSQAE]  880/1000  train=0.0522  val=0.3472  delta=0.0048  prog=0.0030  end=0.0010  end_acc=1.000  end_rec=0.990
[SplineFSQAE]  890/1000  train=0.0520  val=0.3504  delta=0.0048  prog=0.0030  end=0.0009  end_acc=1.000  end_rec=0.989
[SplineFSQAE]  900/1000  train=0.0519  val=0.3540  delta=0.0048  prog=0.0030  end=0.0009  end_acc=1.000  end_rec=0.991
[SplineFSQAE]  910/1000  train=0.0518  val=0.3527  delta=0.0048  prog=0.0030  end=0.0009  end_acc=1.000  end_rec=0.991
[SplineFSQAE]  920/1000  train=0.0517  val=0.3543  delta=0.0048  prog=0.0030  end=0.0008  end_acc=1.000  end_rec=0.992
[SplineFSQAE]  930/1000  train=0.0517  val=0.3542  delta=0.0048  prog=0.0030  end=0.0009  end_acc=1.000  end_rec=0.989
[SplineFSQAE]  940/1000  train=0.0516  val=0.3577  delta=0.0048  prog=0.0030  end=0.0008  end_acc=1.000  end_rec=0.991
[SplineFSQAE]  950/1000  train=0.0516  val=0.3578  delta=0.0048  prog=0.0030  end=0.0008  end_acc=1.000  end_rec=0.991
[SplineFSQAE]  960/1000  train=0.0513  val=0.3586  delta=0.0048  prog=0.0030  end=0.0007  end_acc=1.000  end_rec=0.992
[SplineFSQAE]  970/1000  train=0.0514  val=0.3583  delta=0.0048  prog=0.0030  end=0.0008  end_acc=1.000  end_rec=0.991
[SplineFSQAE]  980/1000  train=0.0515  val=0.3610  delta=0.0048  prog=0.0030  end=0.0008  end_acc=1.000  end_rec=0.992
[SplineFSQAE]  990/1000  train=0.0514  val=0.3605  delta=0.0048  prog=0.0030  end=0.0008  end_acc=1.000  end_rec=0.992
[SplineFSQAE] 1000/1000  train=0.0513  val=0.3609  delta=0.0048  prog=0.0030  end=0.0008  end_acc=1.000  end_rec=0.992
[SplineFSQAE] done. best val loss: 0.1768
[1;34mwandb[0m: 
[1;34mwandb[0m: 🚀 View run [33mlibero_90_fsq555_pg8_dino_only_image128[0m at: [34mhttps://wandb.ai/dohyeonlee-postech/VAE_train/runs/lmwau9a3[0m
[1;34mwandb[0m: Find logs at: [1;35mwandb/run-20260531_035606-lmwau9a3/logs[0m
