START FSQ TRAIN
Node       : node01
Inputs     : /data2/dohyeon/SBD/libero_dataset/FSQ_dataset/libero_90/FSQ_inputs
Output     : /data2/dohyeon/SBD/FSQ_outputs/libero_90_fsq555_pg8_flags_image128
Tue Jun  2 23:03:29 2026       
+---------------------------------------------------------------------------------------+
| NVIDIA-SMI 535.129.03             Driver Version: 535.129.03   CUDA Version: 12.2     |
|-----------------------------------------+----------------------+----------------------+
| GPU  Name                 Persistence-M | Bus-Id        Disp.A | Volatile Uncorr. ECC |
| Fan  Temp   Perf          Pwr:Usage/Cap |         Memory-Usage | GPU-Util  Compute M. |
|                                         |                      |               MIG M. |
|=========================================+======================+======================|
|   0  NVIDIA L40S                    On  | 00000000:C1:00.0 Off |                    0 |
| N/A   31C    P8              33W / 350W |      3MiB / 46068MiB |      0%      Default |
|                                         |                      |                  N/A |
+-----------------------------------------+----------------------+----------------------+
                                                                                         
+---------------------------------------------------------------------------------------+
| Processes:                                                                            |
|  GPU   GI   CI        PID   Type   Process name                            GPU Memory |
|        ID   ID                                                             Usage      |
|=======================================================================================|
|  No running processes found                                                           |
+---------------------------------------------------------------------------------------+
No checkpoint found, training from scratch
[FSQ] Loaded 11178 skills from /data2/dohyeon/SBD/libero_dataset/FSQ_dataset/libero_90/FSQ_inputs/skillset/skills
[FSQ] Skill lengths — min:27 max:141 mean:50.7
[FSQ] Loaded DINO tokens from /data2/dohyeon/SBD/libero_dataset/FSQ_dataset/libero_90/FSQ_inputs/dino_tokens_pg8.npz — shape per clip: (51, 65, 384)
[FSQ] Loaded merged temporal SAM2 patch flags for all 11178 skills
[FSQ] action_min: [-0.4862 -0.3971  0.4455 -0.7481 -4.3631 -3.2124 -1.    ]
[FSQ] action_max: [0.2027 0.4881 1.3585 4.8434 4.0424 2.4015 1.    ]
[FSQ] delta_min:  [-0.9375 -0.9375 -0.9375 -0.3257 -0.375  -0.375  -1.    ]
[FSQ] delta_max:  [0.9375 0.9375 0.9375 0.375  0.375  0.375  1.    ]
[SplineFSQAE] 11178 segments | n_control=30 fsq=[5, 5, 5] hidden=256 K=10
[SplineFSQAE] trainable params: 6,407,499
[SplineFSQAE]    1/1000  train=0.8167  val=0.5953  delta=0.0672  prog=0.0390  end=0.1052  end_acc=0.971  end_rec=0.010
[SplineFSQAE]   10/1000  train=0.3271  val=0.3249  delta=0.0237  prog=0.0208  end=0.0691  end_acc=0.983  end_rec=0.164
[SplineFSQAE]   20/1000  train=0.2531  val=0.2470  delta=0.0175  prog=0.0155  end=0.0627  end_acc=0.984  end_rec=0.167
[SplineFSQAE]   30/1000  train=0.2272  val=0.2299  delta=0.0155  prog=0.0132  end=0.0590  end_acc=0.984  end_rec=0.169
[SplineFSQAE]   40/1000  train=0.2088  val=0.2187  delta=0.0142  prog=0.0115  end=0.0555  end_acc=0.984  end_rec=0.173
