wandb: [wandb.login()] Loaded credentials for https://api.wandb.ai from /home/dohyeon/.netrc.
wandb: Currently logged in as: dohyeonlee (dohyeonlee-postech) to https://api.wandb.ai. Use `wandb login --relogin` to force relogin
wandb: setting up run 64nc88yj
wandb: Tracking run with wandb version 0.24.2
wandb: Run data is saved locally in /data2/dohyeon/SBD/lerobot/wandb/run-20260531_034524-64nc88yj
wandb: Run `wandb offline` to turn off syncing.
wandb: Syncing run libero_90_fsq555_pg8_dino_flags_image256
wandb: ⭐️ View project at https://wandb.ai/dohyeonlee-postech/VAE_train
wandb: 🚀 View run at https://wandb.ai/dohyeonlee-postech/VAE_train/runs/64nc88yj
Traceback (most recent call last):
  File "/data2/dohyeon/SBD/lerobot/examples/libero/train_FSQ.py", line 470, in <module>
    main(tyro.cli(Args))
  File "/data2/dohyeon/SBD/lerobot/examples/libero/train_FSQ.py", line 431, in main
    model = train_spline_fsqae(
            ^^^^^^^^^^^^^^^^^^^
  File "/data2/dohyeon/SBD/lerobot/examples/libero/FSQ.py", line 1063, in train_spline_fsqae
    tot, d, p, e, em = _step(batch, train=True)
                       ^^^^^^^^^^^^^^^^^^^^^^^^
  File "/data2/dohyeon/SBD/lerobot/examples/libero/FSQ.py", line 1043, in _step
    pred_delta, pred_prog, pred_term, _ = model(
                                          ^^^^^^
  File "/data2/dohyeon/SBD/.venv/lib/python3.12/site-packages/torch/nn/modules/module.py", line 1776, in _wrapped_call_impl
    return self._call_impl(*args, **kwargs)
           ^^^^^^^^^^^^^^^^^^^^^^^^^^^^^^^^
  File "/data2/dohyeon/SBD/.venv/lib/python3.12/site-packages/torch/nn/modules/module.py", line 1787, in _call_impl
    return forward_call(*args, **kwargs)
           ^^^^^^^^^^^^^^^^^^^^^^^^^^^^^
  File "/data2/dohyeon/SBD/lerobot/examples/libero/FSQ.py", line 606, in forward
    delta, progress_pred, term_logits = self.decode(z_q, states, dec_tokens, patch_flags, frame_progress)
                                        ^^^^^^^^^^^^^^^^^^^^^^^^^^^^^^^^^^^^^^^^^^^^^^^^^^^^^^^^^^^^^^^^^
  File "/data2/dohyeon/SBD/lerobot/examples/libero/FSQ.py", line 556, in decode
    img_feat_plain = self.dec_image_encoder_plain(dec_tokens)    # (B, T, H) termination (no flags)
                     ^^^^^^^^^^^^^^^^^^^^^^^^^^^^^^^^^^^^^^^^
  File "/data2/dohyeon/SBD/.venv/lib/python3.12/site-packages/torch/nn/modules/module.py", line 1776, in _wrapped_call_impl
    return self._call_impl(*args, **kwargs)
           ^^^^^^^^^^^^^^^^^^^^^^^^^^^^^^^^
  File "/data2/dohyeon/SBD/.venv/lib/python3.12/site-packages/torch/nn/modules/module.py", line 1787, in _call_impl
    return forward_call(*args, **kwargs)
           ^^^^^^^^^^^^^^^^^^^^^^^^^^^^^
  File "/data2/dohyeon/SBD/lerobot/examples/libero/FSQ.py", line 146, in forward
    pooled, _ = self.pool(q, x, x, need_weights=False)
                ^^^^^^^^^^^^^^^^^^^^^^^^^^^^^^^^^^^^^^
  File "/data2/dohyeon/SBD/.venv/lib/python3.12/site-packages/torch/nn/modules/module.py", line 1776, in _wrapped_call_impl
    return self._call_impl(*args, **kwargs)
           ^^^^^^^^^^^^^^^^^^^^^^^^^^^^^^^^
  File "/data2/dohyeon/SBD/.venv/lib/python3.12/site-packages/torch/nn/modules/module.py", line 1787, in _call_impl
    return forward_call(*args, **kwargs)
           ^^^^^^^^^^^^^^^^^^^^^^^^^^^^^
  File "/data2/dohyeon/SBD/.venv/lib/python3.12/site-packages/torch/nn/modules/activation.py", line 1491, in forward
    attn_output, attn_output_weights = F.multi_head_attention_forward(
                                       ^^^^^^^^^^^^^^^^^^^^^^^^^^^^^^^
  File "/data2/dohyeon/SBD/.venv/lib/python3.12/site-packages/torch/nn/functional.py", line 6435, in multi_head_attention_forward
    q, k, v = _in_projection_packed(query, key, value, in_proj_weight, in_proj_bias)
              ^^^^^^^^^^^^^^^^^^^^^^^^^^^^^^^^^^^^^^^^^^^^^^^^^^^^^^^^^^^^^^^^^^^^^^
  File "/data2/dohyeon/SBD/.venv/lib/python3.12/site-packages/torch/nn/functional.py", line 5842, in _in_projection_packed
    kv_proj = linear(k, w_kv, b_kv)
              ^^^^^^^^^^^^^^^^^^^^^
torch.OutOfMemoryError: CUDA out of memory. Tried to allocate 1.90 GiB. GPU 0 has a total capacity of 44.53 GiB of which 1.74 GiB is free. Including non-PyTorch memory, this process has 42.78 GiB memory in use. Of the allocated memory 42.21 GiB is allocated by PyTorch, and 70.74 MiB is reserved by PyTorch but unallocated. If reserved but unallocated memory is large try setting PYTORCH_ALLOC_CONF=expandable_segments:True to avoid fragmentation.  See documentation for Memory Management  (https://pytorch.org/docs/stable/notes/cuda.html#environment-variables)
