wandb: [wandb.login()] Loaded credentials for https://api.wandb.ai from /home/dohyeon/.netrc.
wandb: W&B API key is configured. Use `wandb login --relogin` to force relogin
wandb: setting up run ce0758ds
wandb: Tracking run with wandb version 0.24.2
wandb: Run data is saved locally in /data2/dohyeon/SBD/lerobot/wandb/run-20260602_230552-ce0758ds
wandb: Run `wandb offline` to turn off syncing.
wandb: Syncing run libero_90_fsq555_pg8_flags_image256
wandb: ⭐️ View project at https://wandb.ai/dohyeonlee-postech/VAE_train
wandb: 🚀 View run at https://wandb.ai/dohyeonlee-postech/VAE_train/runs/ce0758ds
Traceback (most recent call last):
  File "/data2/dohyeon/SBD/lerobot/examples/libero/train_FSQ.py", line 543, in <module>
  File "/data2/dohyeon/SBD/lerobot/examples/libero/train_FSQ.py", line 518, in main
  File "/data2/dohyeon/SBD/.venv/lib/python3.12/site-packages/torch/utils/_contextlib.py", line 124, in decorate_context
    return func(*args, **kwargs)
           ^^^^^^^^^^^^^^^^^^^^^
  File "/data2/dohyeon/SBD/lerobot/examples/libero/FSQ.py", line 812, in encode_numpy
    delta = self.deltas[idx]   # (T_future, A), dataset actions
             ~~~~~~~~~~^^^^^^^^^^^^^^^^^^^^^^^^
  File "/data2/dohyeon/SBD/lerobot/examples/libero/FSQ.py", line 556, in encode
    return tokens
             ^^^^^
  File "/data2/dohyeon/SBD/.venv/lib/python3.12/site-packages/torch/nn/modules/module.py", line 1776, in _wrapped_call_impl
    return self._call_impl(*args, **kwargs)
           ^^^^^^^^^^^^^^^^^^^^^^^^^^^^^^^^
  File "/data2/dohyeon/SBD/.venv/lib/python3.12/site-packages/torch/nn/modules/module.py", line 1787, in _call_impl
    return forward_call(*args, **kwargs)
           ^^^^^^^^^^^^^^^^^^^^^^^^^^^^^
  File "/data2/dohyeon/SBD/lerobot/examples/libero/FSQ.py", line 135, in forward
    x = self.token_proj(tokens.reshape(B * T, N, -1))   # (B*T, N, token_dim or token_dim-2)
        ^^^^^^^^^^^^^^^^^^^^^^^^^^^^^^^^^^^^^^^^^^^^^
  File "/data2/dohyeon/SBD/.venv/lib/python3.12/site-packages/torch/nn/modules/module.py", line 1776, in _wrapped_call_impl
    return self._call_impl(*args, **kwargs)
           ^^^^^^^^^^^^^^^^^^^^^^^^^^^^^^^^
  File "/data2/dohyeon/SBD/.venv/lib/python3.12/site-packages/torch/nn/modules/module.py", line 1787, in _call_impl
    return forward_call(*args, **kwargs)
           ^^^^^^^^^^^^^^^^^^^^^^^^^^^^^
  File "/data2/dohyeon/SBD/.venv/lib/python3.12/site-packages/torch/nn/modules/linear.py", line 134, in forward
    return F.linear(input, self.weight, self.bias)
           ^^^^^^^^^^^^^^^^^^^^^^^^^^^^^^^^^^^^^^^
RuntimeError: Expected all tensors to be on the same device, but got mat1 is on cpu, different from other tensors on cuda:0 (when checking argument in method wrapper_CUDA_addmm)
