START FSQ TRAIN
Node       : node01
Inputs     : /data2/dohyeon/SBD/libero_dataset/FSQ_dataset/libero_90/FSQ_inputs
Output     : /data2/dohyeon/SBD/FSQ_outputs/libero_90_fsq555_pg8_flags_image256_eqloss
Tue Jun  2 23:47:26 2026       
+---------------------------------------------------------------------------------------+
| NVIDIA-SMI 535.129.03             Driver Version: 535.129.03   CUDA Version: 12.2     |
|-----------------------------------------+----------------------+----------------------+
| GPU  Name                 Persistence-M | Bus-Id        Disp.A | Volatile Uncorr. ECC |
| Fan  Temp   Perf          Pwr:Usage/Cap |         Memory-Usage | GPU-Util  Compute M. |
|                                         |                      |               MIG M. |
|=========================================+======================+======================|
|   0  NVIDIA L40S                    On  | 00000000:C1:00.0 Off |                    0 |
| N/A   34C    P8              33W / 350W |      3MiB / 46068MiB |      0%      Default |
|                                         |                      |                  N/A |
+-----------------------------------------+----------------------+----------------------+
                                                                                         
+---------------------------------------------------------------------------------------+
| Processes:                                                                            |
|  GPU   GI   CI        PID   Type   Process name                            GPU Memory |
|        ID   ID                                                             Usage      |
|=======================================================================================|
|  No running processes found                                                           |
+---------------------------------------------------------------------------------------+
No checkpoint found, training from scratch
[FSQ] Loaded 11178 skills from /data2/dohyeon/SBD/libero_dataset/FSQ_dataset/libero_90/FSQ_inputs/skillset/skills
[FSQ] Skill lengths — min:27 max:141 mean:50.7
[FSQ] Loaded DINO tokens from /data2/dohyeon/SBD/libero_dataset/FSQ_dataset/libero_90/FSQ_inputs/dino_tokens_pg8.npz — shape per clip: (51, 65, 384)
[FSQ] Loaded merged temporal SAM2 patch flags for all 11178 skills
[FSQ] action_min: [-0.4862 -0.3971  0.4455 -0.7481 -4.3631 -3.2124 -1.    ]
[FSQ] action_max: [0.2027 0.4881 1.3585 4.8434 4.0424 2.4015 1.    ]
[FSQ] delta_min:  [-0.9375 -0.9375 -0.9375 -0.3257 -0.375  -0.375  -1.    ]
[FSQ] delta_max:  [0.9375 0.9375 0.9375 0.375  0.375  0.375  1.    ]
[SplineFSQAE] 11178 segments | n_control=30 fsq=[5, 5, 5] hidden=256 K=10
[SplineFSQAE] trainable params: 9,044,811
[SplineFSQAE]    1/1000  train=0.2173  val=0.1828  delta=0.0740  prog=0.0422  end=0.1011  end_acc=0.980  end_rec=0.000
[SplineFSQAE]   10/1000  train=0.1101  val=0.1075  delta=0.0254  prog=0.0178  end=0.0669  end_acc=0.983  end_rec=0.165
[SplineFSQAE]   20/1000  train=0.0873  val=0.0898  delta=0.0183  prog=0.0114  end=0.0576  end_acc=0.984  end_rec=0.170
[SplineFSQAE]   30/1000  train=0.0790  val=0.0870  delta=0.0159  prog=0.0098  end=0.0533  end_acc=0.983  end_rec=0.173
[SplineFSQAE]   40/1000  train=0.0728  val=0.0856  delta=0.0145  prog=0.0089  end=0.0494  end_acc=0.984  end_rec=0.192
[SplineFSQAE]   50/1000  train=0.0667  val=0.0880  delta=0.0134  prog=0.0081  end=0.0451  end_acc=0.984  end_rec=0.235
[SplineFSQAE]   60/1000  train=0.0610  val=0.0913  delta=0.0127  prog=0.0078  end=0.0405  end_acc=0.985  end_rec=0.319
[SplineFSQAE]   70/1000  train=0.0549  val=0.0979  delta=0.0121  prog=0.0074  end=0.0354  end_acc=0.986  end_rec=0.435
[SplineFSQAE]   80/1000  train=0.0490  val=0.1060  delta=0.0112  prog=0.0071  end=0.0307  end_acc=0.988  end_rec=0.532
[SplineFSQAE]   90/1000  train=0.0440  val=0.1062  delta=0.0106  prog=0.0068  end=0.0266  end_acc=0.989  end_rec=0.619
[SplineFSQAE]  100/1000  train=0.0401  val=0.1080  delta=0.0103  prog=0.0064  end=0.0233  end_acc=0.991  end_rec=0.682
[SplineFSQAE]  110/1000  train=0.0364  val=0.1105  delta=0.0096  prog=0.0060  end=0.0207  end_acc=0.992  end_rec=0.723
[SplineFSQAE]  120/1000  train=0.0338  val=0.1195  delta=0.0096  prog=0.0059  end=0.0183  end_acc=0.993  end_rec=0.764
[SplineFSQAE]  130/1000  train=0.0311  val=0.1237  delta=0.0090  prog=0.0057  end=0.0164  end_acc=0.994  end_rec=0.797
[SplineFSQAE]  140/1000  train=0.0292  val=0.1264  delta=0.0088  prog=0.0054  end=0.0149  end_acc=0.994  end_rec=0.816
[SplineFSQAE]  150/1000  train=0.0271  val=0.1257  delta=0.0083  prog=0.0053  end=0.0135  end_acc=0.995  end_rec=0.840
[SplineFSQAE]  160/1000  train=0.0267  val=0.1268  delta=0.0080  prog=0.0052  end=0.0135  end_acc=0.995  end_rec=0.839
[SplineFSQAE]  170/1000  train=0.0239  val=0.1383  delta=0.0077  prog=0.0049  end=0.0113  end_acc=0.996  end_rec=0.867
[SplineFSQAE]  180/1000  train=0.0239  val=0.1414  delta=0.0077  prog=0.0049  end=0.0113  end_acc=0.996  end_rec=0.869
[SplineFSQAE]  190/1000  train=0.0228  val=0.1365  delta=0.0073  prog=0.0047  end=0.0108  end_acc=0.996  end_rec=0.878
[SplineFSQAE]  200/1000  train=0.0212  val=0.1479  delta=0.0071  prog=0.0046  end=0.0095  end_acc=0.996  end_rec=0.894
[SplineFSQAE]  210/1000  train=0.0212  val=0.1423  delta=0.0070  prog=0.0046  end=0.0096  end_acc=0.996  end_rec=0.889
[SplineFSQAE]  220/1000  train=0.0196  val=0.1459  delta=0.0068  prog=0.0042  end=0.0086  end_acc=0.997  end_rec=0.907
[SplineFSQAE]  230/1000  train=0.0190  val=0.1477  delta=0.0066  prog=0.0043  end=0.0081  end_acc=0.997  end_rec=0.910
[SplineFSQAE]  240/1000  train=0.0186  val=0.1498  delta=0.0064  prog=0.0042  end=0.0079  end_acc=0.997  end_rec=0.911
[SplineFSQAE]  250/1000  train=0.0182  val=0.1454  delta=0.0062  prog=0.0042  end=0.0078  end_acc=0.997  end_rec=0.914
[SplineFSQAE]  260/1000  train=0.0169  val=0.1508  delta=0.0061  prog=0.0040  end=0.0068  end_acc=0.997  end_rec=0.926
[SplineFSQAE]  270/1000  train=0.0162  val=0.1488  delta=0.0059  prog=0.0040  end=0.0063  end_acc=0.998  end_rec=0.934
[SplineFSQAE]  280/1000  train=0.0162  val=0.1559  delta=0.0059  prog=0.0038  end=0.0065  end_acc=0.998  end_rec=0.929
[SplineFSQAE]  290/1000  train=0.0153  val=0.1590  delta=0.0056  prog=0.0038  end=0.0059  end_acc=0.998  end_rec=0.936
[SplineFSQAE]  300/1000  train=0.0150  val=0.1584  delta=0.0056  prog=0.0037  end=0.0057  end_acc=0.998  end_rec=0.939
[SplineFSQAE]  310/1000  train=0.0150  val=0.1575  delta=0.0056  prog=0.0037  end=0.0058  end_acc=0.998  end_rec=0.938
[SplineFSQAE]  320/1000  train=0.0143  val=0.1627  delta=0.0054  prog=0.0035  end=0.0054  end_acc=0.998  end_rec=0.942
[SplineFSQAE]  330/1000  train=0.0139  val=0.1553  delta=0.0054  prog=0.0034  end=0.0051  end_acc=0.998  end_rec=0.945
[SplineFSQAE]  340/1000  train=0.0138  val=0.1571  delta=0.0052  prog=0.0035  end=0.0052  end_acc=0.998  end_rec=0.944
[SplineFSQAE]  350/1000  train=0.0136  val=0.1587  delta=0.0051  prog=0.0035  end=0.0049  end_acc=0.998  end_rec=0.949
[SplineFSQAE]  360/1000  train=0.0129  val=0.1666  delta=0.0050  prog=0.0034  end=0.0045  end_acc=0.998  end_rec=0.954
[SplineFSQAE]  370/1000  train=0.0125  val=0.1685  delta=0.0049  prog=0.0033  end=0.0043  end_acc=0.998  end_rec=0.955
[SplineFSQAE]  380/1000  train=0.0126  val=0.1716  delta=0.0049  prog=0.0033  end=0.0044  end_acc=0.998  end_rec=0.953
[SplineFSQAE]  390/1000  train=0.0120  val=0.1751  delta=0.0048  prog=0.0032  end=0.0040  end_acc=0.998  end_rec=0.959
[SplineFSQAE]  400/1000  train=0.0120  val=0.1663  delta=0.0048  prog=0.0033  end=0.0038  end_acc=0.999  end_rec=0.959
[SplineFSQAE]  410/1000  train=0.0113  val=0.1661  delta=0.0046  prog=0.0031  end=0.0037  end_acc=0.999  end_rec=0.962
[SplineFSQAE]  420/1000  train=0.0112  val=0.1712  delta=0.0045  prog=0.0029  end=0.0037  end_acc=0.999  end_rec=0.962
[SplineFSQAE]  430/1000  train=0.0106  val=0.1891  delta=0.0045  prog=0.0029  end=0.0032  end_acc=0.999  end_rec=0.967
[SplineFSQAE]  440/1000  train=0.0103  val=0.1765  delta=0.0044  prog=0.0028  end=0.0031  end_acc=0.999  end_rec=0.968
[SplineFSQAE]  450/1000  train=0.0103  val=0.1790  delta=0.0043  prog=0.0028  end=0.0031  end_acc=0.999  end_rec=0.967
[SplineFSQAE]  460/1000  train=0.0102  val=0.1865  delta=0.0044  prog=0.0030  end=0.0028  end_acc=0.999  end_rec=0.972
[SplineFSQAE]  470/1000  train=0.0095  val=0.1805  delta=0.0042  prog=0.0026  end=0.0027  end_acc=0.999  end_rec=0.973
[SplineFSQAE]  480/1000  train=0.0095  val=0.1821  delta=0.0042  prog=0.0027  end=0.0027  end_acc=0.999  end_rec=0.972
[SplineFSQAE]  490/1000  train=0.0091  val=0.1787  delta=0.0041  prog=0.0026  end=0.0024  end_acc=0.999  end_rec=0.976
[SplineFSQAE]  500/1000  train=0.0091  val=0.1774  delta=0.0041  prog=0.0026  end=0.0024  end_acc=0.999  end_rec=0.974
[SplineFSQAE]  510/1000  train=0.0089  val=0.1844  delta=0.0040  prog=0.0026  end=0.0023  end_acc=0.999  end_rec=0.976
[SplineFSQAE]  520/1000  train=0.0089  val=0.1854  delta=0.0040  prog=0.0025  end=0.0024  end_acc=0.999  end_rec=0.976
[SplineFSQAE]  530/1000  train=0.0091  val=0.1850  delta=0.0039  prog=0.0027  end=0.0025  end_acc=0.999  end_rec=0.976
[SplineFSQAE]  540/1000  train=0.0081  val=0.1961  delta=0.0039  prog=0.0024  end=0.0018  end_acc=0.999  end_rec=0.982
[SplineFSQAE]  550/1000  train=0.0081  val=0.1980  delta=0.0038  prog=0.0023  end=0.0020  end_acc=0.999  end_rec=0.979
[SplineFSQAE]  560/1000  train=0.0080  val=0.1889  delta=0.0038  prog=0.0023  end=0.0019  end_acc=0.999  end_rec=0.980
[SplineFSQAE]  570/1000  train=0.0077  val=0.1998  delta=0.0037  prog=0.0023  end=0.0017  end_acc=0.999  end_rec=0.980
[SplineFSQAE]  580/1000  train=0.0075  val=0.1958  delta=0.0037  prog=0.0022  end=0.0016  end_acc=0.999  end_rec=0.983
[SplineFSQAE]  590/1000  train=0.0074  val=0.2095  delta=0.0036  prog=0.0022  end=0.0016  end_acc=0.999  end_rec=0.983
[SplineFSQAE]  600/1000  train=0.0076  val=0.1987  delta=0.0036  prog=0.0022  end=0.0018  end_acc=0.999  end_rec=0.982
[SplineFSQAE]  610/1000  train=0.0072  val=0.2050  delta=0.0036  prog=0.0022  end=0.0015  end_acc=0.999  end_rec=0.984
[SplineFSQAE]  620/1000  train=0.0071  val=0.2125  delta=0.0035  prog=0.0021  end=0.0015  end_acc=0.999  end_rec=0.984
[SplineFSQAE]  630/1000  train=0.0070  val=0.2064  delta=0.0035  prog=0.0021  end=0.0013  end_acc=0.999  end_rec=0.986
[SplineFSQAE]  640/1000  train=0.0070  val=0.2058  delta=0.0035  prog=0.0021  end=0.0015  end_acc=0.999  end_rec=0.982
[SplineFSQAE]  650/1000  train=0.0069  val=0.2122  delta=0.0035  prog=0.0021  end=0.0013  end_acc=0.999  end_rec=0.986
[SplineFSQAE]  660/1000  train=0.0066  val=0.2142  delta=0.0034  prog=0.0020  end=0.0011  end_acc=1.000  end_rec=0.987
[SplineFSQAE]  670/1000  train=0.0064  val=0.2199  delta=0.0034  prog=0.0020  end=0.0011  end_acc=1.000  end_rec=0.988
[SplineFSQAE]  680/1000  train=0.0063  val=0.2170  delta=0.0033  prog=0.0019  end=0.0010  end_acc=1.000  end_rec=0.990
[SplineFSQAE]  690/1000  train=0.0061  val=0.2156  delta=0.0033  prog=0.0019  end=0.0009  end_acc=1.000  end_rec=0.989
[SplineFSQAE]  700/1000  train=0.0062  val=0.2180  delta=0.0033  prog=0.0019  end=0.0010  end_acc=1.000  end_rec=0.988
[SplineFSQAE]  710/1000  train=0.0062  val=0.2185  delta=0.0033  prog=0.0019  end=0.0010  end_acc=1.000  end_rec=0.988
[SplineFSQAE]  720/1000  train=0.0058  val=0.2295  delta=0.0032  prog=0.0018  end=0.0008  end_acc=1.000  end_rec=0.991
[SplineFSQAE]  730/1000  train=0.0059  val=0.2259  delta=0.0032  prog=0.0018  end=0.0008  end_acc=1.000  end_rec=0.991
[SplineFSQAE]  740/1000  train=0.0058  val=0.2276  delta=0.0032  prog=0.0018  end=0.0008  end_acc=1.000  end_rec=0.991
[SplineFSQAE]  750/1000  train=0.0057  val=0.2323  delta=0.0032  prog=0.0018  end=0.0007  end_acc=1.000  end_rec=0.992
[SplineFSQAE]  760/1000  train=0.0055  val=0.2394  delta=0.0031  prog=0.0018  end=0.0006  end_acc=1.000  end_rec=0.993
[SplineFSQAE]  770/1000  train=0.0057  val=0.2303  delta=0.0031  prog=0.0018  end=0.0008  end_acc=1.000  end_rec=0.992
[SplineFSQAE]  780/1000  train=0.0055  val=0.2389  delta=0.0031  prog=0.0017  end=0.0007  end_acc=1.000  end_rec=0.993
[SplineFSQAE]  790/1000  train=0.0056  val=0.2401  delta=0.0031  prog=0.0017  end=0.0008  end_acc=1.000  end_rec=0.990
[SplineFSQAE]  800/1000  train=0.0054  val=0.2398  delta=0.0031  prog=0.0017  end=0.0006  end_acc=1.000  end_rec=0.993
[SplineFSQAE]  810/1000  train=0.0053  val=0.2424  delta=0.0031  prog=0.0017  end=0.0005  end_acc=1.000  end_rec=0.994
[SplineFSQAE]  820/1000  train=0.0052  val=0.2449  delta=0.0030  prog=0.0017  end=0.0006  end_acc=1.000  end_rec=0.993
[SplineFSQAE]  830/1000  train=0.0052  val=0.2467  delta=0.0030  prog=0.0016  end=0.0005  end_acc=1.000  end_rec=0.994
[SplineFSQAE]  840/1000  train=0.0052  val=0.2470  delta=0.0030  prog=0.0016  end=0.0005  end_acc=1.000  end_rec=0.994
[SplineFSQAE]  850/1000  train=0.0051  val=0.2644  delta=0.0030  prog=0.0016  end=0.0005  end_acc=1.000  end_rec=0.994
[SplineFSQAE]  860/1000  train=0.0051  val=0.2583  delta=0.0030  prog=0.0016  end=0.0005  end_acc=1.000  end_rec=0.994
[SplineFSQAE]  870/1000  train=0.0050  val=0.2561  delta=0.0030  prog=0.0016  end=0.0004  end_acc=1.000  end_rec=0.995
[SplineFSQAE]  880/1000  train=0.0049  val=0.2640  delta=0.0030  prog=0.0016  end=0.0004  end_acc=1.000  end_rec=0.995
[SplineFSQAE]  890/1000  train=0.0049  val=0.2626  delta=0.0029  prog=0.0016  end=0.0004  end_acc=1.000  end_rec=0.995
[SplineFSQAE]  900/1000  train=0.0049  val=0.2631  delta=0.0030  prog=0.0016  end=0.0004  end_acc=1.000  end_rec=0.996
[SplineFSQAE]  910/1000  train=0.0049  val=0.2628  delta=0.0029  prog=0.0016  end=0.0004  end_acc=1.000  end_rec=0.997
[SplineFSQAE]  920/1000  train=0.0049  val=0.2626  delta=0.0029  prog=0.0016  end=0.0004  end_acc=1.000  end_rec=0.996
[SplineFSQAE]  930/1000  train=0.0049  val=0.2636  delta=0.0029  prog=0.0016  end=0.0004  end_acc=1.000  end_rec=0.995
[SplineFSQAE]  940/1000  train=0.0048  val=0.2673  delta=0.0029  prog=0.0015  end=0.0003  end_acc=1.000  end_rec=0.996
[SplineFSQAE]  950/1000  train=0.0048  val=0.2696  delta=0.0029  prog=0.0015  end=0.0003  end_acc=1.000  end_rec=0.997
[SplineFSQAE]  960/1000  train=0.0048  val=0.2700  delta=0.0029  prog=0.0015  end=0.0003  end_acc=1.000  end_rec=0.996
[SplineFSQAE]  970/1000  train=0.0048  val=0.2700  delta=0.0029  prog=0.0015  end=0.0003  end_acc=1.000  end_rec=0.995
[SplineFSQAE]  980/1000  train=0.0048  val=0.2710  delta=0.0029  prog=0.0015  end=0.0004  end_acc=1.000  end_rec=0.996
[SplineFSQAE]  990/1000  train=0.0048  val=0.2689  delta=0.0029  prog=0.0015  end=0.0003  end_acc=1.000  end_rec=0.996
[SplineFSQAE] 1000/1000  train=0.0048  val=0.2698  delta=0.0029  prog=0.0015  end=0.0003  end_acc=1.000  end_rec=0.995
[SplineFSQAE] done. best val loss: 0.0843
[1;34mwandb[0m: 
[1;34mwandb[0m: 🚀 View run [33mlibero_90_fsq555_pg8_flags_image256_eqloss[0m at: [34mhttps://wandb.ai/dohyeonlee-postech/VAE_train/runs/w07ufjaz[0m
[1;34mwandb[0m: Find logs at: [1;35mwandb/run-20260602_234816-w07ufjaz/logs[0m
